../Core/Src/main.c:34:6:printmsg	24	static
../Core/Src/main.c:42:5:main	16	static
../Core/Src/main.c:76:6:vtask1_handler	16	static
../Core/Src/main.c:87:6:vtask2_handler	16	static
../Core/Src/main.c:97:6:vApplicationIdleHook	4	static,ignoring_inline_asm
../Core/Src/main.c:102:6:SystemClock_Config	88	static
../Core/Src/main.c:149:13:MX_USART2_UART_Init	8	static
../Core/Src/main.c:182:13:MX_GPIO_Init	40	static
../Core/Src/main.c:219:6:StartDefaultTask	16	static
../Core/Src/main.c:234:6:Error_Handler	4	static,ignoring_inline_asm
