../Core/Src/main.c:34:6:printmsg	24	static
../Core/Src/main.c:42:5:main	16	static
../Core/Src/main.c:75:6:HAL_GPIO_EXTI_Callback	16	static
../Core/Src/main.c:80:6:vtask1_handler	24	static
../Core/Src/main.c:115:6:vtask2_handler	24	static
../Core/Src/main.c:149:6:rtos_delay	24	static
../Core/Src/main.c:158:6:SystemClock_Config	88	static
../Core/Src/main.c:205:13:MX_USART2_UART_Init	8	static
../Core/Src/main.c:233:13:MX_GPIO_Init	40	static
../Core/Src/main.c:269:6:Error_Handler	4	static,ignoring_inline_asm
