Archive member included to satisfy reference by file (symbol)

D:/STM32CubeIDE_1.18.0/STM32CubeIDE/plugins/com.st.stm32cube.ide.mcu.externaltools.gnu-tools-for-stm32.13.3.rel1.win32_1.0.0.202411081344/tools/bin/../lib/gcc/arm-none-eabi/13.3.1/../../../../arm-none-eabi/lib/thumb/v7e-m+fp/hard\libc_nano.a(libc_a-exit.o)
                              D:/STM32CubeIDE_1.18.0/STM32CubeIDE/plugins/com.st.stm32cube.ide.mcu.externaltools.gnu-tools-for-stm32.13.3.rel1.win32_1.0.0.202411081344/tools/bin/../lib/gcc/arm-none-eabi/13.3.1/../../../../arm-none-eabi/lib/thumb/v7e-m+fp/hard/crt0.o (exit)
D:/STM32CubeIDE_1.18.0/STM32CubeIDE/plugins/com.st.stm32cube.ide.mcu.externaltools.gnu-tools-for-stm32.13.3.rel1.win32_1.0.0.202411081344/tools/bin/../lib/gcc/arm-none-eabi/13.3.1/../../../../arm-none-eabi/lib/thumb/v7e-m+fp/hard\libc_nano.a(libc_a-malloc.o)
                              ./Middlewares/USB_Host_Library/usbh_cdc.o (malloc)
D:/STM32CubeIDE_1.18.0/STM32CubeIDE/plugins/com.st.stm32cube.ide.mcu.externaltools.gnu-tools-for-stm32.13.3.rel1.win32_1.0.0.202411081344/tools/bin/../lib/gcc/arm-none-eabi/13.3.1/../../../../arm-none-eabi/lib/thumb/v7e-m+fp/hard\libc_nano.a(libc_a-mallocr.o)
                              D:/STM32CubeIDE_1.18.0/STM32CubeIDE/plugins/com.st.stm32cube.ide.mcu.externaltools.gnu-tools-for-stm32.13.3.rel1.win32_1.0.0.202411081344/tools/bin/../lib/gcc/arm-none-eabi/13.3.1/../../../../arm-none-eabi/lib/thumb/v7e-m+fp/hard\libc_nano.a(libc_a-malloc.o) (_malloc_r)
D:/STM32CubeIDE_1.18.0/STM32CubeIDE/plugins/com.st.stm32cube.ide.mcu.externaltools.gnu-tools-for-stm32.13.3.rel1.win32_1.0.0.202411081344/tools/bin/../lib/gcc/arm-none-eabi/13.3.1/../../../../arm-none-eabi/lib/thumb/v7e-m+fp/hard\libc_nano.a(libc_a-mlock.o)
                              D:/STM32CubeIDE_1.18.0/STM32CubeIDE/plugins/com.st.stm32cube.ide.mcu.externaltools.gnu-tools-for-stm32.13.3.rel1.win32_1.0.0.202411081344/tools/bin/../lib/gcc/arm-none-eabi/13.3.1/../../../../arm-none-eabi/lib/thumb/v7e-m+fp/hard\libc_nano.a(libc_a-mallocr.o) (__malloc_lock)
D:/STM32CubeIDE_1.18.0/STM32CubeIDE/plugins/com.st.stm32cube.ide.mcu.externaltools.gnu-tools-for-stm32.13.3.rel1.win32_1.0.0.202411081344/tools/bin/../lib/gcc/arm-none-eabi/13.3.1/../../../../arm-none-eabi/lib/thumb/v7e-m+fp/hard\libc_nano.a(libc_a-findfp.o)
                              D:/STM32CubeIDE_1.18.0/STM32CubeIDE/plugins/com.st.stm32cube.ide.mcu.externaltools.gnu-tools-for-stm32.13.3.rel1.win32_1.0.0.202411081344/tools/bin/../lib/gcc/arm-none-eabi/13.3.1/../../../../arm-none-eabi/lib/thumb/v7e-m+fp/hard\libc_nano.a(libc_a-exit.o) (__stdio_exit_handler)
D:/STM32CubeIDE_1.18.0/STM32CubeIDE/plugins/com.st.stm32cube.ide.mcu.externaltools.gnu-tools-for-stm32.13.3.rel1.win32_1.0.0.202411081344/tools/bin/../lib/gcc/arm-none-eabi/13.3.1/../../../../arm-none-eabi/lib/thumb/v7e-m+fp/hard\libc_nano.a(libc_a-fwalk.o)
                              D:/STM32CubeIDE_1.18.0/STM32CubeIDE/plugins/com.st.stm32cube.ide.mcu.externaltools.gnu-tools-for-stm32.13.3.rel1.win32_1.0.0.202411081344/tools/bin/../lib/gcc/arm-none-eabi/13.3.1/../../../../arm-none-eabi/lib/thumb/v7e-m+fp/hard\libc_nano.a(libc_a-findfp.o) (_fwalk_sglue)
D:/STM32CubeIDE_1.18.0/STM32CubeIDE/plugins/com.st.stm32cube.ide.mcu.externaltools.gnu-tools-for-stm32.13.3.rel1.win32_1.0.0.202411081344/tools/bin/../lib/gcc/arm-none-eabi/13.3.1/../../../../arm-none-eabi/lib/thumb/v7e-m+fp/hard\libc_nano.a(libc_a-stdio.o)
                              D:/STM32CubeIDE_1.18.0/STM32CubeIDE/plugins/com.st.stm32cube.ide.mcu.externaltools.gnu-tools-for-stm32.13.3.rel1.win32_1.0.0.202411081344/tools/bin/../lib/gcc/arm-none-eabi/13.3.1/../../../../arm-none-eabi/lib/thumb/v7e-m+fp/hard\libc_nano.a(libc_a-findfp.o) (__sread)
D:/STM32CubeIDE_1.18.0/STM32CubeIDE/plugins/com.st.stm32cube.ide.mcu.externaltools.gnu-tools-for-stm32.13.3.rel1.win32_1.0.0.202411081344/tools/bin/../lib/gcc/arm-none-eabi/13.3.1/../../../../arm-none-eabi/lib/thumb/v7e-m+fp/hard\libc_nano.a(libc_a-memset.o)
                              D:/STM32CubeIDE_1.18.0/STM32CubeIDE/plugins/com.st.stm32cube.ide.mcu.externaltools.gnu-tools-for-stm32.13.3.rel1.win32_1.0.0.202411081344/tools/bin/../lib/gcc/arm-none-eabi/13.3.1/../../../../arm-none-eabi/lib/thumb/v7e-m+fp/hard/crt0.o (memset)
D:/STM32CubeIDE_1.18.0/STM32CubeIDE/plugins/com.st.stm32cube.ide.mcu.externaltools.gnu-tools-for-stm32.13.3.rel1.win32_1.0.0.202411081344/tools/bin/../lib/gcc/arm-none-eabi/13.3.1/../../../../arm-none-eabi/lib/thumb/v7e-m+fp/hard\libc_nano.a(libc_a-closer.o)
                              D:/STM32CubeIDE_1.18.0/STM32CubeIDE/plugins/com.st.stm32cube.ide.mcu.externaltools.gnu-tools-for-stm32.13.3.rel1.win32_1.0.0.202411081344/tools/bin/../lib/gcc/arm-none-eabi/13.3.1/../../../../arm-none-eabi/lib/thumb/v7e-m+fp/hard\libc_nano.a(libc_a-stdio.o) (_close_r)
[...]
Memory Configuration

Name             Origin             Length             Attributes
CCMRAM           0x10000000         0x00010000         xrw
RAM              0x20000000         0x00020000         xrw
FLASH            0x08000000         0x00100000         xr
*default*        0x00000000         0xffffffff

Linker script and memory map

LOAD D:/STM32CubeIDE_1.18.0/STM32CubeIDE/plugins/com.st.stm32cube.ide.mcu.externaltools.gnu-tools-for-stm32.13.3.rel1.win32_1.0.0.202411081344/tools/bin/../lib/gcc/arm-none-eabi/13.3.1/thumb/v7e-m+fp/hard/crti.o
LOAD D:/STM32CubeIDE_1.18.0/STM32CubeIDE/plugins/com.st.stm32cube.ide.mcu.externaltools.gnu-tools-for-stm32.13.3.rel1.win32_1.0.0.202411081344/tools/bin/../lib/gcc/arm-none-eabi/13.3.1/thumb/v7e-m+fp/hard/crtbegin.o
LOAD D:/STM32CubeIDE_1.18.0/STM32CubeIDE/plugins/com.st.stm32cube.ide.mcu.externaltools.gnu-tools-for-stm32.13.3.rel1.win32_1.0.0.202411081344/tools/bin/../lib/gcc/arm-none-eabi/13.3.1/../../../../arm-none-eabi/lib/thumb/v7e-m+fp/hard/crt0.o
LOAD ./Core/Src/main.o
LOAD ./Core/Src/stm32f4xx_hal_msp.o
LOAD ./Core/Src/stm32f4xx_it.o
LOAD ./Core/Src/syscalls.o
LOAD ./Core/Src/sysmem.o
LOAD ./Core/Src/system_stm32f4xx.o
LOAD ./Core/Startup/startup_stm32f407vgtx.o
LOAD ./Drivers/STM32F4xx_HAL_Driver/stm32f4xx_hal.o
LOAD ./Drivers/STM32F4xx_HAL_Driver/stm32f4xx_hal_cortex.o
LOAD ./Drivers/STM32F4xx_HAL_Driver/stm32f4xx_hal_dma.o
LOAD ./Drivers/STM32F4xx_HAL_Driver/stm32f4xx_hal_dma_ex.o
LOAD ./Drivers/STM32F4xx_HAL_Driver/stm32f4xx_hal_exti.o
LOAD ./Drivers/STM32F4xx_HAL_Driver/stm32f4xx_hal_flash.o
LOAD ./Drivers/STM32F4xx_HAL_Driver/stm32f4xx_hal_flash_ex.o
LOAD ./Drivers/STM32F4xx_HAL_Driver/stm32f4xx_hal_flash_ramfunc.o
LOAD ./Drivers/STM32F4xx_HAL_Driver/stm32f4xx_hal_gpio.o
LOAD ./Drivers/STM32F4xx_HAL_Driver/stm32f4xx_hal_hcd.o
LOAD ./Drivers/STM32F4xx_HAL_Driver/stm32f4xx_hal_i2c.o
LOAD ./Drivers/STM32F4xx_HAL_Driver/stm32f4xx_hal_i2c_ex.o
LOAD ./Drivers/STM32F4xx_HAL_Driver/stm32f4xx_hal_i2s.o
LOAD ./Drivers/STM32F4xx_HAL_Driver/stm32f4xx_hal_i2s_ex.o
LOAD ./Drivers/STM32F4xx_HAL_Driver/stm32f4xx_hal_pwr.o
LOAD ./Drivers/STM32F4xx_HAL_Driver/stm32f4xx_hal_pwr_ex.o
LOAD ./Drivers/STM32F4xx_HAL_Driver/stm32f4xx_hal_rcc.o
LOAD ./Drivers/STM32F4xx_HAL_Driver/stm32f4xx_hal_rcc_ex.o
LOAD ./Drivers/STM32F4xx_HAL_Driver/stm32f4xx_hal_spi.o
LOAD ./Drivers/STM32F4xx_HAL_Driver/stm32f4xx_ll_usb.o
LOAD ./Middlewares/USB_Host_Library/usbh_cdc.o
LOAD ./Middlewares/USB_Host_Library/usbh_core.o
LOAD ./Middlewares/USB_Host_Library/usbh_ctlreq.o
LOAD ./Middlewares/USB_Host_Library/usbh_ioreq.o
LOAD ./Middlewares/USB_Host_Library/usbh_pipes.o
LOAD ./USB_HOST/App/usb_host.o
LOAD ./USB_HOST/Target/usbh_conf.o
LOAD ./USB_HOST/Target/usbh_platform.o
START GROUP
LOAD D:/STM32CubeIDE_1.18.0/STM32CubeIDE/plugins/com.st.stm32cube.ide.mcu.externaltools.gnu-tools-for-stm32.13.3.rel1.win32_1.0.0.202411081344/tools/bin/../lib/gcc/arm-none-eabi/13.3.1/../../../../arm-none-eabi/lib/thumb/v7e-m+fp/hard\libc_nano.a
LOAD D:/STM32CubeIDE_1.18.0/STM32CubeIDE/plugins/com.st.stm32cube.ide.mcu.externaltools.gnu-tools-for-stm32.13.3.rel1.win32_1.0.0.202411081344/tools/bin/../lib/gcc/arm-none-eabi/13.3.1/../../../../arm-none-eabi/lib/thumb/v7e-m+fp/hard\libm.a
END GROUP
START GROUP
LOAD D:/STM32CubeIDE_1.18.0/STM32CubeIDE/plugins/com.st.stm32cube.ide.mcu.externaltools.gnu-tools-for-stm32.13.3.rel1.win32_1.0.0.202411081344/tools/bin/../lib/gcc/arm-none-eabi/13.3.1/thumb/v7e-m+fp/hard\libgcc.a
LOAD D:/STM32CubeIDE_1.18.0/STM32CubeIDE/plugins/com.st.stm32cube.ide.mcu.externaltools.gnu-tools-for-stm32.13.3.rel1.win32_1.0.0.202411081344/tools/bin/../lib/gcc/arm-none-eabi/13.3.1/../../../../arm-none-eabi/lib/thumb/v7e-m+fp/hard\libc_nano.a
END GROUP
START GROUP
LOAD D:/STM32CubeIDE_1.18.0/STM32CubeIDE/plugins/com.st.stm32cube.ide.mcu.externaltools.gnu-tools-for-stm32.13.3.rel1.win32_1.0.0.202411081344/tools/bin/../lib/gcc/arm-none-eabi/13.3.1/thumb/v7e-m+fp/hard\libgcc.a
LOAD D:/STM32CubeIDE_1.18.0/STM32CubeIDE/plugins/com.st.stm32cube.ide.mcu.externaltools.gnu-tools-for-stm32.13.3.rel1.win32_1.0.0.202411081344/tools/bin/../lib/gcc/arm-none-eabi/13.3.1/../../../../arm-none-eabi/lib/thumb/v7e-m+fp/hard\libc_nano.a
LOAD D:/STM32CubeIDE_1.18.0/STM32CubeIDE/plugins/com.st.stm32cube.ide.mcu.externaltools.gnu-tools-for-stm32.13.3.rel1.win32_1.0.0.202411081344/tools/bin/../lib/gcc/arm-none-eabi/13.3.1/../../../../arm-none-eabi/lib/thumb/v7e-m+fp/hard\libnosys.a
END GROUP
START GROUP
LOAD D:/STM32CubeIDE_1.18.0/STM32CubeIDE/plugins/com.st.stm32cube.ide.mcu.externaltools.gnu-tools-for-stm32.13.3.rel1.win32_1.0.0.202411081344/tools/bin/../lib/gcc/arm-none-eabi/13.3.1/thumb/v7e-m+fp/hard\libgcc.a
LOAD D:/STM32CubeIDE_1.18.0/STM32CubeIDE/plugins/com.st.stm32cube.ide.mcu.externaltools.gnu-tools-for-stm32.13.3.rel1.win32_1.0.0.202411081344/tools/bin/../lib/gcc/arm-none-eabi/13.3.1/../../../../arm-none-eabi/lib/thumb/v7e-m+fp/hard\libc_nano.a
LOAD D:/STM32CubeIDE_1.18.0/STM32CubeIDE/plugins/com.st.stm32cube.ide.mcu.externaltools.gnu-tools-for-stm32.13.3.rel1.win32_1.0.0.202411081344/tools/bin/../lib/gcc/arm-none-eabi/13.3.1/../../../../arm-none-eabi/lib/thumb/v7e-m+fp/hard\libnosys.a
END GROUP
LOAD D:/STM32CubeIDE_1.18.0/STM32CubeIDE/plugins/com.st.stm32cube.ide.mcu.externaltools.gnu-tools-for-stm32.13.3.rel1.win32_1.0.0.202411081344/tools/bin/../lib/gcc/arm-none-eabi/13.3.1/thumb/v7e-m+fp/hard/crtend.o
LOAD D:/STM32CubeIDE_1.18.0/STM32CubeIDE/plugins/com.st.stm32cube.ide.mcu.externaltools.gnu-tools-for-stm32.13.3.rel1.win32_1.0.0.202411081344/tools/bin/../lib/gcc/arm-none-eabi/13.3.1/thumb/v7e-m+fp/hard/crtn.o
                0x20020000                        _estack = (ORIGIN (RAM) + LENGTH (RAM))
                0x00000200                        _Min_Heap_Size = 0x200
                0x00000400                        _Min_Stack_Size = 0x400

.isr_vector     0x08000000      0x188
                0x08000000                        . = ALIGN (0x4)
 *(.isr_vector)
 .isr_vector    0x08000000      0x188 ./Core/Startup/startup_stm32f407vgtx.o
                0x08000000                g_pfnVectors
                0x08000188                        . = ALIGN (0x4)

.text           0x08000188     0x89f0
                0x08000188                        . = ALIGN (0x4)
 *(.text)
 .text          0x08000188       0x40 D:/STM32CubeIDE_1.18.0/STM32CubeIDE/plugins/com.st.stm32cube.ide.mcu.externaltools.gnu-tools-for-stm32.13.3.rel1.win32_1.0.0.202411081344/tools/bin/../lib/gcc/arm-none-eabi/13.3.1/thumb/v7e-m+fp/hard/crtbegin.o
 .text          0x080001c8       0x30 D:/STM32CubeIDE_1.18.0/STM32CubeIDE/plugins/com.st.stm32cube.ide.mcu.externaltools.gnu-tools-for-stm32.13.3.rel1.win32_1.0.0.202411081344/tools/bin/../lib/gcc/arm-none-eabi/13.3.1/thumb/v7e-m+fp/hard\libgcc.a(_aeabi_uldivmod.o)
                0x080001c8                __aeabi_uldivmod
 .text          0x080001f8      0x2f8 D:/STM32CubeIDE_1.18.0/STM32CubeIDE/plugins/com.st.stm32cube.ide.mcu.externaltools.gnu-tools-for-stm32.13.3.rel1.win32_1.0.0.202411081344/tools/bin/../lib/gcc/arm-none-eabi/13.3.1/thumb/v7e-m+fp/hard\libgcc.a(_udivmoddi4.o)
                0x080001f8                __udivmoddi4
 .text          0x080004f0        0x4 D:/STM32CubeIDE_1.18.0/STM32CubeIDE/plugins/com.st.stm32cube.ide.mcu.externaltools.gnu-tools-for-stm32.13.3.rel1.win32_1.0.0.202411081344/tools/bin/../lib/gcc/arm-none-eabi/13.3.1/thumb/v7e-m+fp/hard\libgcc.a(_dvmd_tls.o)
                0x080004f0                __aeabi_idiv0
                0x080004f0                __aeabi_ldiv0
 *(.text*)
 .text.main     0x080004f4       0x40 ./Core/Src/main.o
                0x080004f4                main
 .text.SystemClock_Config
                0x08000534       0xd4 ./Core/Src/main.o
                0x08000534                SystemClock_Config
 .text.MX_I2C1_Init
                0x08000608       0x5c ./Core/Src/main.o
 .text.MX_I2S3_Init
                0x08000664       0x60 ./Core/Src/main.o
 .text.MX_SPI1_Init
                0x080006c4       0x6c ./Core/Src/main.o
 .text.MX_GPIO_Init
                0x08000730      0x1fc ./Core/Src/main.o
 .text.Error_Handler
                0x0800092c        0xc ./Core/Src/main.o
                0x0800092c                Error_Handler
 .text.HAL_MspInit
                0x08000938       0x50 ./Core/Src/stm32f4xx_hal_msp.o
                0x08000938                HAL_MspInit
 .text.HAL_I2C_MspInit
                0x08000988       0x90 ./Core/Src/stm32f4xx_hal_msp.o
                0x08000988                HAL_I2C_MspInit
 .text.HAL_I2S_MspInit
                0x08000a18      0x100 ./Core/Src/stm32f4xx_hal_msp.o
                0x08000a18                HAL_I2S_MspInit
 .text.HAL_SPI_MspInit
                0x08000b18       0x90 ./Core/Src/stm32f4xx_hal_msp.o
                0x08000b18                HAL_SPI_MspInit
 .text.NMI_Handler
                0x08000ba8        0x8 ./Core/Src/stm32f4xx_it.o
                0x08000ba8                NMI_Handler
 .text.HardFault_Handler
                0x08000bb0        0x8 ./Core/Src/stm32f4xx_it.o
                0x08000bb0                HardFault_Handler
 .text.MemManage_Handler
                0x08000bb8        0x8 ./Core/Src/stm32f4xx_it.o
                0x08000bb8                MemManage_Handler
 .text.BusFault_Handler
                0x08000bc0        0x8 ./Core/Src/stm32f4xx_it.o
                0x08000bc0                BusFault_Handler
 .text.UsageFault_Handler
                0x08000bc8        0x8 ./Core/Src/stm32f4xx_it.o
                0x08000bc8                UsageFault_Handler
 .text.SVC_Handler
                0x08000bd0        0xe ./Core/Src/stm32f4xx_it.o
                0x08000bd0                SVC_Handler
 .text.DebugMon_Handler
                0x08000bde        0xe ./Core/Src/stm32f4xx_it.o
                0x08000bde                DebugMon_Handler
 .text.PendSV_Handler
                0x08000bec        0xe ./Core/Src/stm32f4xx_it.o
                0x08000bec                PendSV_Handler
 .text.SysTick_Handler
                0x08000bfa        0xc ./Core/Src/stm32f4xx_it.o
                0x08000bfa                SysTick_Handler
 *fill*         0x08000c06        0x2 
 .text.OTG_FS_IRQHandler
                0x08000c08       0x14 ./Core/Src/stm32f4xx_it.o
                0x08000c08                OTG_FS_IRQHandler
 .text._sbrk    0x08000c1c       0x6c ./Core/Src/sysmem.o
                0x08000c1c                _sbrk
 .text.SystemInit
                0x08000c88       0x24 ./Core/Src/system_stm32f4xx.o
                0x08000c88                SystemInit
 .text.Reset_Handler
                0x08000cac       0x50 ./Core/Startup/startup_stm32f407vgtx.o
                0x08000cac                Reset_Handler
 .text.Default_Handler
                0x08000cfc        0x2 ./Core/Startup/startup_stm32f407vgtx.o
                0x08000cfc                RTC_Alarm_IRQHandler
                0x08000cfc                HASH_RNG_IRQHandler
                0x08000cfc                EXTI2_IRQHandler
                0x08000cfc                TIM8_CC_IRQHandler
                0x08000cfc                TIM1_CC_IRQHandler
                0x08000cfc                DMA2_Stream5_IRQHandler
                0x08000cfc                DMA1_Stream5_IRQHandler
                0x08000cfc                PVD_IRQHandler
                0x08000cfc                SDIO_IRQHandler
                0x08000cfc                TAMP_STAMP_IRQHandler
                0x08000cfc                CAN2_RX1_IRQHandler
                0x08000cfc                EXTI3_IRQHandler
                0x08000cfc                TIM8_TRG_COM_TIM14_IRQHandler
                0x08000cfc                TIM1_UP_TIM10_IRQHandler
                0x08000cfc                TIM8_UP_TIM13_IRQHandler
                0x08000cfc                I2C3_ER_IRQHandler
                0x08000cfc                EXTI0_IRQHandler
                0x08000cfc                I2C2_EV_IRQHandler
                0x08000cfc                DMA1_Stream2_IRQHandler
                0x08000cfc                CAN1_RX0_IRQHandler
                0x08000cfc                FPU_IRQHandler
                0x08000cfc                OTG_HS_WKUP_IRQHandler
                0x08000cfc                CAN2_SCE_IRQHandler
                0x08000cfc                DMA2_Stream2_IRQHandler
                0x08000cfc                SPI1_IRQHandler
                0x08000cfc                TIM6_DAC_IRQHandler
                0x08000cfc                TIM1_BRK_TIM9_IRQHandler
                0x08000cfc                DCMI_IRQHandler
                0x08000cfc                CAN2_RX0_IRQHandler
                0x08000cfc                DMA2_Stream3_IRQHandler
                0x08000cfc                USART6_IRQHandler
                0x08000cfc                USART3_IRQHandler
                0x08000cfc                CAN1_RX1_IRQHandler
                0x08000cfc                UART5_IRQHandler
                0x08000cfc                DMA2_Stream0_IRQHandler
                0x08000cfc                TIM4_IRQHandler
                0x08000cfc                I2C1_EV_IRQHandler
                0x08000cfc                DMA1_Stream6_IRQHandler
                0x08000cfc                DMA1_Stream1_IRQHandler
                0x08000cfc                UART4_IRQHandler
                0x08000cfc                TIM3_IRQHandler
                0x08000cfc                RCC_IRQHandler
                0x08000cfc                TIM8_BRK_TIM12_IRQHandler
                0x08000cfc                Default_Handler
                0x08000cfc                EXTI15_10_IRQHandler
                0x08000cfc                ADC_IRQHandler
                0x08000cfc                DMA1_Stream7_IRQHandler
                0x08000cfc                TIM7_IRQHandler
                0x08000cfc                CAN2_TX_IRQHandler
                0x08000cfc                TIM5_IRQHandler
                0x08000cfc                DMA2_Stream7_IRQHandler
                0x08000cfc                I2C3_EV_IRQHandler
                0x08000cfc                EXTI9_5_IRQHandler
                0x08000cfc                RTC_WKUP_IRQHandler
                0x08000cfc                ETH_WKUP_IRQHandler
                0x08000cfc                SPI2_IRQHandler
                0x08000cfc                OTG_HS_EP1_IN_IRQHandler
                0x08000cfc                DMA1_Stream0_IRQHandler
                0x08000cfc                CAN1_TX_IRQHandler
                0x08000cfc                EXTI4_IRQHandler
                0x08000cfc                FSMC_IRQHandler
                0x08000cfc                ETH_IRQHandler
                0x08000cfc                OTG_HS_EP1_OUT_IRQHandler
                0x08000cfc                WWDG_IRQHandler
                0x08000cfc                TIM2_IRQHandler
                0x08000cfc                OTG_FS_WKUP_IRQHandler
                0x08000cfc                TIM1_TRG_COM_TIM11_IRQHandler
                0x08000cfc                OTG_HS_IRQHandler
                0x08000cfc                EXTI1_IRQHandler
                0x08000cfc                USART2_IRQHandler
                0x08000cfc                I2C2_ER_IRQHandler
                0x08000cfc                DMA2_Stream1_IRQHandler
                0x08000cfc                CAN1_SCE_IRQHandler
                0x08000cfc                FLASH_IRQHandler
                0x08000cfc                DMA2_Stream4_IRQHandler
                0x08000cfc                USART1_IRQHandler
                0x08000cfc                SPI3_IRQHandler
                0x08000cfc                DMA1_Stream4_IRQHandler
                0x08000cfc                I2C1_ER_IRQHandler
                0x08000cfc                DMA2_Stream6_IRQHandler
                0x08000cfc                DMA1_Stream3_IRQHandler
 *fill*         0x08000cfe        0x2 
 .text.HAL_Init
                0x08000d00       0x44 ./Drivers/STM32F4xx_HAL_Driver/stm32f4xx_hal.o
                0x08000d00                HAL_Init
 .text.HAL_InitTick
                0x08000d44       0x60 ./Drivers/STM32F4xx_HAL_Driver/stm32f4xx_hal.o
                0x08000d44                HAL_InitTick
 .text.HAL_IncTick
                0x08000da4       0x28 ./Drivers/STM32F4xx_HAL_Driver/stm32f4xx_hal.o
                0x08000da4                HAL_IncTick
 .text.HAL_GetTick
                0x08000dcc       0x18 ./Drivers/STM32F4xx_HAL_Driver/stm32f4xx_hal.o
                0x08000dcc                HAL_GetTick
 .text.HAL_Delay
                0x08000de4       0x48 ./Drivers/STM32F4xx_HAL_Driver/stm32f4xx_hal.o
                0x08000de4                HAL_Delay
 .text.__NVIC_SetPriorityGrouping
                0x08000e2c       0x48 ./Drivers/STM32F4xx_HAL_Driver/stm32f4xx_hal_cortex.o
 .text.__NVIC_GetPriorityGrouping
                0x08000e74       0x1c ./Drivers/STM32F4xx_HAL_Driver/stm32f4xx_hal_cortex.o
 .text.__NVIC_EnableIRQ
                0x08000e90       0x3c ./Drivers/STM32F4xx_HAL_Driver/stm32f4xx_hal_cortex.o
 .text.__NVIC_SetPriority
                0x08000ecc       0x54 ./Drivers/STM32F4xx_HAL_Driver/stm32f4xx_hal_cortex.o
 .text.NVIC_EncodePriority
                0x08000f20       0x66 ./Drivers/STM32F4xx_HAL_Driver/stm32f4xx_hal_cortex.o
 *fill*         0x08000f86        0x2 
 .text.SysTick_Config
                0x08000f88       0x44 ./Drivers/STM32F4xx_HAL_Driver/stm32f4xx_hal_cortex.o
 .text.HAL_NVIC_SetPriorityGrouping
                0x08000fcc       0x16 ./Drivers/STM32F4xx_HAL_Driver/stm32f4xx_hal_cortex.o
                0x08000fcc                HAL_NVIC_SetPriorityGrouping
 .text.HAL_NVIC_SetPriority
                0x08000fe2       0x38 ./Drivers/STM32F4xx_HAL_Driver/stm32f4xx_hal_cortex.o
                0x08000fe2                HAL_NVIC_SetPriority
 .text.HAL_NVIC_EnableIRQ
                0x0800101a       0x1c ./Drivers/STM32F4xx_HAL_Driver/stm32f4xx_hal_cortex.o
                0x0800101a                HAL_NVIC_EnableIRQ
 .text.HAL_SYSTICK_Config
                0x08001036       0x18 ./Drivers/STM32F4xx_HAL_Driver/stm32f4xx_hal_cortex.o
                0x08001036                HAL_SYSTICK_Config
 *fill*         0x0800104e        0x2 
 .text.HAL_GPIO_Init
                0x08001050      0x338 ./Drivers/STM32F4xx_HAL_Driver/stm32f4xx_hal_gpio.o
                0x08001050                HAL_GPIO_Init
 .text.HAL_GPIO_WritePin
                0x08001388       0x32 ./Drivers/STM32F4xx_HAL_Driver/stm32f4xx_hal_gpio.o
                0x08001388                HAL_GPIO_WritePin
 .text.HAL_GPIO_TogglePin
                0x080013ba       0x34 ./Drivers/STM32F4xx_HAL_Driver/stm32f4xx_hal_gpio.o
                0x080013ba                HAL_GPIO_TogglePin
 .text.HAL_HCD_Init
                0x080013ee       0xce ./Drivers/STM32F4xx_HAL_Driver/stm32f4xx_hal_hcd.o
                0x080013ee                HAL_HCD_Init
 .text.HAL_HCD_HC_Init
                0x080014bc      0x170 ./Drivers/STM32F4xx_HAL_Driver/stm32f4xx_hal_hcd.o
                0x080014bc                HAL_HCD_HC_Init
 .text.HAL_HCD_HC_Halt
                0x0800162c       0x46 ./Drivers/STM32F4xx_HAL_Driver/stm32f4xx_hal_hcd.o
                0x0800162c                HAL_HCD_HC_Halt
 *fill*         0x08001672        0x2 
 .text.HAL_HCD_HC_SubmitRequest
                0x08001674      0x33c ./Drivers/STM32F4xx_HAL_Driver/stm32f4xx_hal_hcd.o
                0x08001674                HAL_HCD_HC_SubmitRequest
 .text.HAL_HCD_IRQHandler
                0x080019b0      0x220 ./Drivers/STM32F4xx_HAL_Driver/stm32f4xx_hal_hcd.o
                0x080019b0                HAL_HCD_IRQHandler
 .text.HAL_HCD_Start
                0x08001bd0       0x46 ./Drivers/STM32F4xx_HAL_Driver/stm32f4xx_hal_hcd.o
                0x08001bd0                HAL_HCD_Start
 .text.HAL_HCD_Stop
                0x08001c16       0x3a ./Drivers/STM32F4xx_HAL_Driver/stm32f4xx_hal_hcd.o
                0x08001c16                HAL_HCD_Stop
 .text.HAL_HCD_ResetPort
                0x08001c50       0x1c ./Drivers/STM32F4xx_HAL_Driver/stm32f4xx_hal_hcd.o
                0x08001c50                HAL_HCD_ResetPort
 .text.HAL_HCD_HC_GetURBState
                0x08001c6c       0x2a ./Drivers/STM32F4xx_HAL_Driver/stm32f4xx_hal_hcd.o
                0x08001c6c                HAL_HCD_HC_GetURBState
 .text.HAL_HCD_HC_GetXferCount
                0x08001c96       0x2a ./Drivers/STM32F4xx_HAL_Driver/stm32f4xx_hal_hcd.o
                0x08001c96                HAL_HCD_HC_GetXferCount
 .text.HAL_HCD_GetCurrentFrame
                0x08001cc0       0x1c ./Drivers/STM32F4xx_HAL_Driver/stm32f4xx_hal_hcd.o
                0x08001cc0                HAL_HCD_GetCurrentFrame
 .text.HAL_HCD_GetCurrentSpeed
                0x08001cdc       0x1c ./Drivers/STM32F4xx_HAL_Driver/stm32f4xx_hal_hcd.o
                0x08001cdc                HAL_HCD_GetCurrentSpeed
 .text.HAL_HCD_HC_ClearHubInfo
                0x08001cf8       0x6a ./Drivers/STM32F4xx_HAL_Driver/stm32f4xx_hal_hcd.o
                0x08001cf8                HAL_HCD_HC_ClearHubInfo
 .text.HCD_HC_IN_IRQHandler
                0x08001d62      0xcd2 ./Drivers/STM32F4xx_HAL_Driver/stm32f4xx_hal_hcd.o
 .text.HCD_HC_OUT_IRQHandler
                0x08002a34      0x97e ./Drivers/STM32F4xx_HAL_Driver/stm32f4xx_hal_hcd.o
 .text.HCD_RXQLVL_IRQHandler
                0x080033b2      0x1be ./Drivers/STM32F4xx_HAL_Driver/stm32f4xx_hal_hcd.o
 .text.HCD_Port_IRQHandler
                0x08003570       0xe6 ./Drivers/STM32F4xx_HAL_Driver/stm32f4xx_hal_hcd.o
 *fill*         0x08003656        0x2 
 .text.HAL_I2C_Init
                0x08003658      0x288 ./Drivers/STM32F4xx_HAL_Driver/stm32f4xx_hal_i2c.o
                0x08003658                HAL_I2C_Init
 .text.HAL_I2S_Init
                0x080038e0      0x280 ./Drivers/STM32F4xx_HAL_Driver/stm32f4xx_hal_i2s.o
                0x080038e0                HAL_I2S_Init
 .text.HAL_I2S_TxCpltCallback
                0x08003b60       0x14 ./Drivers/STM32F4xx_HAL_Driver/stm32f4xx_hal_i2s.o
                0x08003b60                HAL_I2S_TxCpltCallback
 .text.HAL_I2S_RxCpltCallback
                0x08003b74       0x14 ./Drivers/STM32F4xx_HAL_Driver/stm32f4xx_hal_i2s.o
                0x08003b74                HAL_I2S_RxCpltCallback
 .text.HAL_I2S_ErrorCallback
                0x08003b88       0x14 ./Drivers/STM32F4xx_HAL_Driver/stm32f4xx_hal_i2s.o
                0x08003b88                HAL_I2S_ErrorCallback
 .text.I2S_Transmit_IT
                0x08003b9c       0x5c ./Drivers/STM32F4xx_HAL_Driver/stm32f4xx_hal_i2s.o
 .text.I2S_Receive_IT
                0x08003bf8       0x5e ./Drivers/STM32F4xx_HAL_Driver/stm32f4xx_hal_i2s.o
 .text.I2S_IRQHandler
                0x08003c56      0x114 ./Drivers/STM32F4xx_HAL_Driver/stm32f4xx_hal_i2s.o
 *fill*         0x08003d6a        0x2 
 .text.HAL_I2SEx_FullDuplex_IRQHandler
                0x08003d6c      0x2a8 ./Drivers/STM32F4xx_HAL_Driver/stm32f4xx_hal_i2s_ex.o
                0x08003d6c                HAL_I2SEx_FullDuplex_IRQHandler
 .text.HAL_I2SEx_TxRxCpltCallback
                0x08004014       0x14 ./Drivers/STM32F4xx_HAL_Driver/stm32f4xx_hal_i2s_ex.o
                0x08004014                HAL_I2SEx_TxRxCpltCallback
 .text.I2SEx_TxISR_I2S
                0x08004028       0x62 ./Drivers/STM32F4xx_HAL_Driver/stm32f4xx_hal_i2s_ex.o
 *fill*         0x0800408a        0x2 
 .text.I2SEx_TxISR_I2SExt
                0x0800408c       0x98 ./Drivers/STM32F4xx_HAL_Driver/stm32f4xx_hal_i2s_ex.o
 .text.I2SEx_RxISR_I2S
                0x08004124       0x64 ./Drivers/STM32F4xx_HAL_Driver/stm32f4xx_hal_i2s_ex.o
 .text.I2SEx_RxISR_I2SExt
                0x08004188       0x98 ./Drivers/STM32F4xx_HAL_Driver/stm32f4xx_hal_i2s_ex.o
 .text.HAL_RCC_OscConfig
                0x08004220      0x4f0 ./Drivers/STM32F4xx_HAL_Driver/stm32f4xx_hal_rcc.o
                0x08004220                HAL_RCC_OscConfig
 .text.HAL_RCC_ClockConfig
                0x08004710      0x1cc ./Drivers/STM32F4xx_HAL_Driver/stm32f4xx_hal_rcc.o
                0x08004710                HAL_RCC_ClockConfig
 .text.HAL_RCC_GetSysClockFreq
                0x080048dc      0x20c ./Drivers/STM32F4xx_HAL_Driver/stm32f4xx_hal_rcc.o
                0x080048dc                HAL_RCC_GetSysClockFreq
 .text.HAL_RCC_GetHCLKFreq
                0x08004ae8       0x18 ./Drivers/STM32F4xx_HAL_Driver/stm32f4xx_hal_rcc.o
                0x08004ae8                HAL_RCC_GetHCLKFreq
 .text.HAL_RCC_GetPCLK1Freq
                0x08004b00       0x28 ./Drivers/STM32F4xx_HAL_Driver/stm32f4xx_hal_rcc.o
                0x08004b00                HAL_RCC_GetPCLK1Freq
 .text.HAL_RCCEx_PeriphCLKConfig
                0x08004b28      0x1c4 ./Drivers/STM32F4xx_HAL_Driver/stm32f4xx_hal_rcc_ex.o
                0x08004b28                HAL_RCCEx_PeriphCLKConfig
 .text.HAL_RCCEx_GetPeriphCLKFreq
                0x08004cec       0xc0 ./Drivers/STM32F4xx_HAL_Driver/stm32f4xx_hal_rcc_ex.o
                0x08004cec                HAL_RCCEx_GetPeriphCLKFreq
 .text.HAL_SPI_Init
                0x08004dac      0x112 ./Drivers/STM32F4xx_HAL_Driver/stm32f4xx_hal_spi.o
                0x08004dac                HAL_SPI_Init
 .text.USB_CoreInit
                0x08004ebe       0xc8 ./Drivers/STM32F4xx_HAL_Driver/stm32f4xx_ll_usb.o
                0x08004ebe                USB_CoreInit
 .text.USB_EnableGlobalInt
                0x08004f86       0x22 ./Drivers/STM32F4xx_HAL_Driver/stm32f4xx_ll_usb.o
                0x08004f86                USB_EnableGlobalInt
 .text.USB_DisableGlobalInt
                0x08004fa8       0x22 ./Drivers/STM32F4xx_HAL_Driver/stm32f4xx_ll_usb.o
                0x08004fa8                USB_DisableGlobalInt
 .text.USB_SetCurrentMode
                0x08004fca       0x98 ./Drivers/STM32F4xx_HAL_Driver/stm32f4xx_ll_usb.o
                0x08004fca                USB_SetCurrentMode
 .text.USB_FlushTxFifo
                0x08005062       0x64 ./Drivers/STM32F4xx_HAL_Driver/stm32f4xx_ll_usb.o
                0x08005062                USB_FlushTxFifo
 .text.USB_FlushRxFifo
                0x080050c6       0x5c ./Drivers/STM32F4xx_HAL_Driver/stm32f4xx_ll_usb.o
                0x080050c6                USB_FlushRxFifo
 .text.USB_WritePacket
                0x08005122       0x7c ./Drivers/STM32F4xx_HAL_Driver/stm32f4xx_ll_usb.o
                0x08005122                USB_WritePacket
 .text.USB_ReadPacket
                0x0800519e       0xb0 ./Drivers/STM32F4xx_HAL_Driver/stm32f4xx_ll_usb.o
                0x0800519e                USB_ReadPacket
 .text.USB_ReadInterrupts
                0x0800524e       0x26 ./Drivers/STM32F4xx_HAL_Driver/stm32f4xx_ll_usb.o
                0x0800524e                USB_ReadInterrupts
 .text.USB_ReadChInterrupts
                0x08005274       0x42 ./Drivers/STM32F4xx_HAL_Driver/stm32f4xx_ll_usb.o
                0x08005274                USB_ReadChInterrupts
 .text.USB_GetMode
                0x080052b6       0x1c ./Drivers/STM32F4xx_HAL_Driver/stm32f4xx_ll_usb.o
                0x080052b6                USB_GetMode
 .text.USB_CoreReset
                0x080052d2       0x70 ./Drivers/STM32F4xx_HAL_Driver/stm32f4xx_ll_usb.o
 *fill*         0x08005342        0x2 
 .text.USB_HostInit
                0x08005344      0x188 ./Drivers/STM32F4xx_HAL_Driver/stm32f4xx_ll_usb.o
                0x08005344                USB_HostInit
 .text.USB_InitFSLSPClkSel
                0x080054cc       0x7a ./Drivers/STM32F4xx_HAL_Driver/stm32f4xx_ll_usb.o
                0x080054cc                USB_InitFSLSPClkSel
 .text.USB_ResetPort
                0x08005546       0x54 ./Drivers/STM32F4xx_HAL_Driver/stm32f4xx_ll_usb.o
                0x08005546                USB_ResetPort
 .text.USB_DriveVbus
                0x0800559a       0x72 ./Drivers/STM32F4xx_HAL_Driver/stm32f4xx_ll_usb.o
                0x0800559a                USB_DriveVbus
 .text.USB_GetHostSpeed
                0x0800560c       0x2e ./Drivers/STM32F4xx_HAL_Driver/stm32f4xx_ll_usb.o
                0x0800560c                USB_GetHostSpeed
 .text.USB_GetCurrentFrame
                0x0800563a       0x22 ./Drivers/STM32F4xx_HAL_Driver/stm32f4xx_ll_usb.o
                0x0800563a                USB_GetCurrentFrame
 .text.USB_HC_Init
                0x0800565c      0x258 ./Drivers/STM32F4xx_HAL_Driver/stm32f4xx_ll_usb.o
                0x0800565c                USB_HC_Init
 .text.USB_HC_StartXfer
                0x080058b4      0x4f4 ./Drivers/STM32F4xx_HAL_Driver/stm32f4xx_ll_usb.o
                0x080058b4                USB_HC_StartXfer
 .text.USB_HC_ReadInterrupt
                0x08005da8       0x22 ./Drivers/STM32F4xx_HAL_Driver/stm32f4xx_ll_usb.o
                0x08005da8                USB_HC_ReadInterrupt
 .text.USB_HC_Halt
                0x08005dca      0x240 ./Drivers/STM32F4xx_HAL_Driver/stm32f4xx_ll_usb.o
                0x08005dca                USB_HC_Halt
 *fill*         0x0800600a        0x2 
 .text.USB_DoPing
                0x0800600c       0x78 ./Drivers/STM32F4xx_HAL_Driver/stm32f4xx_ll_usb.o
                0x0800600c                USB_DoPing
 .text.USB_StopHost
                0x08006084      0x124 ./Drivers/STM32F4xx_HAL_Driver/stm32f4xx_ll_usb.o
                0x08006084                USB_StopHost
 .text.USBH_CDC_InterfaceInit
                0x080061a8      0x2ac ./Middlewares/USB_Host_Library/usbh_cdc.o
 .text.USBH_CDC_InterfaceDeInit
                0x08006454       0xb2 ./Middlewares/USB_Host_Library/usbh_cdc.o
 .text.USBH_CDC_ClassRequest
                0x08006506       0x3e ./Middlewares/USB_Host_Library/usbh_cdc.o
 .text.USBH_CDC_Process
                0x08006544      0x12c ./Middlewares/USB_Host_Library/usbh_cdc.o
 .text.USBH_CDC_SOFProcess
                0x08006670       0x16 ./Middlewares/USB_Host_Library/usbh_cdc.o
 .text.GetLineCoding
                0x08006686       0x3e ./Middlewares/USB_Host_Library/usbh_cdc.o
 .text.SetLineCoding
                0x080066c4       0x3e ./Middlewares/USB_Host_Library/usbh_cdc.o
 .text.CDC_ProcessTransmission
                0x08006702       0xec ./Middlewares/USB_Host_Library/usbh_cdc.o
 .text.CDC_ProcessReception
                0x080067ee       0xb6 ./Middlewares/USB_Host_Library/usbh_cdc.o
 .text.USBH_CDC_TransmitCallback
                0x080068a4       0x14 ./Middlewares/USB_Host_Library/usbh_cdc.o
                0x080068a4                USBH_CDC_TransmitCallback
 .text.USBH_CDC_ReceiveCallback
                0x080068b8       0x14 ./Middlewares/USB_Host_Library/usbh_cdc.o
                0x080068b8                USBH_CDC_ReceiveCallback
 .text.USBH_CDC_LineCodingChanged
                0x080068cc       0x14 ./Middlewares/USB_Host_Library/usbh_cdc.o
                0x080068cc                USBH_CDC_LineCodingChanged
 .text.USBH_Init
                0x080068e0       0x74 ./Middlewares/USB_Host_Library/usbh_core.o
                0x080068e0                USBH_Init
 .text.DeInitStateMachine
                0x08006954       0xe2 ./Middlewares/USB_Host_Library/usbh_core.o
 .text.USBH_RegisterClass
                0x08006a36       0x54 ./Middlewares/USB_Host_Library/usbh_core.o
                0x08006a36                USBH_RegisterClass
 .text.USBH_SelectInterface
                0x08006a8a       0x38 ./Middlewares/USB_Host_Library/usbh_core.o
                0x08006a8a                USBH_SelectInterface
 .text.USBH_FindInterface
                0x08006ac2       0x8c ./Middlewares/USB_Host_Library/usbh_core.o
                0x08006ac2                USBH_FindInterface
 .text.USBH_Start
                0x08006b4e       0x20 ./Middlewares/USB_Host_Library/usbh_core.o
                0x08006b4e                USBH_Start
 *fill*         0x08006b6e        0x2 
 .text.USBH_Process
                0x08006b70      0x3d4 ./Middlewares/USB_Host_Library/usbh_core.o
                0x08006b70                USBH_Process
 .text.USBH_HandleEnum
                0x08006f44      0x3c0 ./Middlewares/USB_Host_Library/usbh_core.o
 .text.USBH_LL_SetTimer
                0x08007304       0x1e ./Middlewares/USB_Host_Library/usbh_core.o
                0x08007304                USBH_LL_SetTimer
 .text.USBH_LL_IncTimer
                0x08007322       0x24 ./Middlewares/USB_Host_Library/usbh_core.o
                0x08007322                USBH_LL_IncTimer
 .text.USBH_HandleSof
                0x08007346       0x30 ./Middlewares/USB_Host_Library/usbh_core.o
 .text.USBH_LL_PortEnabled
                0x08007376       0x1c ./Middlewares/USB_Host_Library/usbh_core.o
                0x08007376                USBH_LL_PortEnabled
 .text.USBH_LL_PortDisabled
                0x08007392       0x24 ./Middlewares/USB_Host_Library/usbh_core.o
                0x08007392                USBH_LL_PortDisabled
 .text.USBH_LL_Connect
                0x080073b6       0x2e ./Middlewares/USB_Host_Library/usbh_core.o
                0x080073b6                USBH_LL_Connect
 .text.USBH_LL_Disconnect
                0x080073e4       0x48 ./Middlewares/USB_Host_Library/usbh_core.o
                0x080073e4                USBH_LL_Disconnect
 .text.USBH_Get_DevDesc
                0x0800742c       0x58 ./Middlewares/USB_Host_Library/usbh_ctlreq.o
                0x0800742c                USBH_Get_DevDesc
 .text.USBH_Get_CfgDesc
                0x08007484       0x54 ./Middlewares/USB_Host_Library/usbh_ctlreq.o
                0x08007484                USBH_Get_CfgDesc
 .text.USBH_Get_StringDesc
                0x080074d8       0x68 ./Middlewares/USB_Host_Library/usbh_ctlreq.o
                0x080074d8                USBH_Get_StringDesc
 .text.USBH_GetDescriptor
                0x08007540       0x6a ./Middlewares/USB_Host_Library/usbh_ctlreq.o
                0x08007540                USBH_GetDescriptor
 .text.USBH_SetAddress
                0x080075aa       0x48 ./Middlewares/USB_Host_Library/usbh_ctlreq.o
                0x080075aa                USBH_SetAddress
 .text.USBH_SetCfg
                0x080075f2       0x46 ./Middlewares/USB_Host_Library/usbh_ctlreq.o
                0x080075f2                USBH_SetCfg
 .text.USBH_SetFeature
                0x08007638       0x48 ./Middlewares/USB_Host_Library/usbh_ctlreq.o
                0x08007638                USBH_SetFeature
 .text.USBH_ClrFeature
                0x08007680       0x48 ./Middlewares/USB_Host_Library/usbh_ctlreq.o
                0x08007680                USBH_ClrFeature
 .text.USBH_ParseDevDesc
                0x080076c8      0x160 ./Middlewares/USB_Host_Library/usbh_ctlreq.o
 .text.USBH_ParseCfgDesc
                0x08007828      0x1f8 ./Middlewares/USB_Host_Library/usbh_ctlreq.o
 .text.USBH_ParseInterfaceDesc
                0x08007a20       0x5e ./Middlewares/USB_Host_Library/usbh_ctlreq.o
 .text.USBH_ParseEPDesc
                0x08007a7e      0x1d0 ./Middlewares/USB_Host_Library/usbh_ctlreq.o
 .text.USBH_ParseStringDesc
                0x08007c4e       0x66 ./Middlewares/USB_Host_Library/usbh_ctlreq.o
 .text.USBH_GetNextDesc
                0x08007cb4       0x34 ./Middlewares/USB_Host_Library/usbh_ctlreq.o
                0x08007cb4                USBH_GetNextDesc
 .text.USBH_CtlReq
                0x08007ce8       0x7a ./Middlewares/USB_Host_Library/usbh_ctlreq.o
                0x08007ce8                USBH_CtlReq
 *fill*         0x08007d62        0x2 
 .text.USBH_HandleControl
                0x08007d64      0x2ec ./Middlewares/USB_Host_Library/usbh_ctlreq.o
 .text.USBH_CtlSendSetup
                0x08008050       0x34 ./Middlewares/USB_Host_Library/usbh_ioreq.o
                0x08008050                USBH_CtlSendSetup
 .text.USBH_CtlSendData
                0x08008084       0x4a ./Middlewares/USB_Host_Library/usbh_ioreq.o
                0x08008084                USBH_CtlSendData
 .text.USBH_CtlReceiveData
                0x080080ce       0x3c ./Middlewares/USB_Host_Library/usbh_ioreq.o
                0x080080ce                USBH_CtlReceiveData
 .text.USBH_BulkSendData
                0x0800810a       0x4a ./Middlewares/USB_Host_Library/usbh_ioreq.o
                0x0800810a                USBH_BulkSendData
 .text.USBH_BulkReceiveData
                0x08008154       0x3c ./Middlewares/USB_Host_Library/usbh_ioreq.o
                0x08008154                USBH_BulkReceiveData
 .text.USBH_OpenPipe
                0x08008190       0x3e ./Middlewares/USB_Host_Library/usbh_pipes.o
                0x08008190                USBH_OpenPipe
 .text.USBH_ClosePipe
                0x080081ce       0x20 ./Middlewares/USB_Host_Library/usbh_pipes.o
                0x080081ce                USBH_ClosePipe
 .text.USBH_AllocPipe
                0x080081ee       0x42 ./Middlewares/USB_Host_Library/usbh_pipes.o
                0x080081ee                USBH_AllocPipe
 .text.USBH_FreePipe
                0x08008230       0x3c ./Middlewares/USB_Host_Library/usbh_pipes.o
                0x08008230                USBH_FreePipe
 .text.USBH_GetFreePipe
                0x0800826c       0x48 ./Middlewares/USB_Host_Library/usbh_pipes.o
 .text.MX_USB_HOST_Init
                0x080082b4       0x4c ./USB_HOST/App/usb_host.o
                0x080082b4                MX_USB_HOST_Init
 .text.MX_USB_HOST_Process
                0x08008300       0x14 ./USB_HOST/App/usb_host.o
                0x08008300                MX_USB_HOST_Process
 .text.USBH_UserProcess
                0x08008314       0x5c ./USB_HOST/App/usb_host.o
 .text.HAL_HCD_MspInit
                0x08008370       0xc4 ./USB_HOST/Target/usbh_conf.o
                0x08008370                HAL_HCD_MspInit
 .text.HAL_HCD_SOF_Callback
                0x08008434       0x1c ./USB_HOST/Target/usbh_conf.o
                0x08008434                HAL_HCD_SOF_Callback
 .text.HAL_HCD_Connect_Callback
                0x08008450       0x1c ./USB_HOST/Target/usbh_conf.o
                0x08008450                HAL_HCD_Connect_Callback
 .text.HAL_HCD_Disconnect_Callback
                0x0800846c       0x1c ./USB_HOST/Target/usbh_conf.o
                0x0800846c                HAL_HCD_Disconnect_Callback
 .text.HAL_HCD_HC_NotifyURBChange_Callback
                0x08008488       0x1c ./USB_HOST/Target/usbh_conf.o
                0x08008488                HAL_HCD_HC_NotifyURBChange_Callback
 .text.HAL_HCD_PortEnabled_Callback
                0x080084a4       0x1c ./USB_HOST/Target/usbh_conf.o
                0x080084a4                HAL_HCD_PortEnabled_Callback
 .text.HAL_HCD_PortDisabled_Callback
                0x080084c0       0x1c ./USB_HOST/Target/usbh_conf.o
                0x080084c0                HAL_HCD_PortDisabled_Callback
 .text.USBH_LL_Init
                0x080084dc       0x78 ./USB_HOST/Target/usbh_conf.o
                0x080084dc                USBH_LL_Init
 .text.USBH_LL_Start
                0x08008554       0x36 ./USB_HOST/Target/usbh_conf.o
                0x08008554                USBH_LL_Start
 .text.USBH_LL_Stop
                0x0800858a       0x36 ./USB_HOST/Target/usbh_conf.o
                0x0800858a                USBH_LL_Stop
 .text.USBH_LL_GetSpeed
                0x080085c0       0x4e ./USB_HOST/Target/usbh_conf.o
                0x080085c0                USBH_LL_GetSpeed
 .text.USBH_LL_ResetPort
                0x0800860e       0x36 ./USB_HOST/Target/usbh_conf.o
                0x0800860e                USBH_LL_ResetPort
 .text.USBH_LL_GetLastXferSize
                0x08008644       0x26 ./USB_HOST/Target/usbh_conf.o
                0x08008644                USBH_LL_GetLastXferSize
 .text.USBH_LL_OpenPipe
                0x0800866a       0x5e ./USB_HOST/Target/usbh_conf.o
                0x0800866a                USBH_LL_OpenPipe
 .text.USBH_LL_ClosePipe
                0x080086c8       0x3e ./USB_HOST/Target/usbh_conf.o
                0x080086c8                USBH_LL_ClosePipe
 .text.USBH_LL_SubmitURB
                0x08008706       0x62 ./USB_HOST/Target/usbh_conf.o
                0x08008706                USBH_LL_SubmitURB
 .text.USBH_LL_GetURBState
                0x08008768       0x26 ./USB_HOST/Target/usbh_conf.o
                0x08008768                USBH_LL_GetURBState
 .text.USBH_LL_DriverVBUS
                0x0800878e       0x2e ./USB_HOST/Target/usbh_conf.o
                0x0800878e                USBH_LL_DriverVBUS
 .text.USBH_LL_SetToggle
                0x080087bc       0x66 ./USB_HOST/Target/usbh_conf.o
                0x080087bc                USBH_LL_SetToggle
 .text.USBH_Delay
                0x08008822       0x16 ./USB_HOST/Target/usbh_conf.o
                0x08008822                USBH_Delay
 .text.USBH_Get_USB_Status
                0x08008838       0x58 ./USB_HOST/Target/usbh_conf.o
                0x08008838                USBH_Get_USB_Status
 .text.MX_DriverVbusFS
                0x08008890       0x38 ./USB_HOST/Target/usbh_platform.o
                0x08008890                MX_DriverVbusFS
 .text.malloc   0x080088c8       0x10 D:/STM32CubeIDE_1.18.0/STM32CubeIDE/plugins/com.st.stm32cube.ide.mcu.externaltools.gnu-tools-for-stm32.13.3.rel1.win32_1.0.0.202411081344/tools/bin/../lib/gcc/arm-none-eabi/13.3.1/../../../../arm-none-eabi/lib/thumb/v7e-m+fp/hard\libc_nano.a(libc_a-malloc.o)
                0x080088c8                malloc
 .text.free     0x080088d8       0x10 D:/STM32CubeIDE_1.18.0/STM32CubeIDE/plugins/com.st.stm32cube.ide.mcu.externaltools.gnu-tools-for-stm32.13.3.rel1.win32_1.0.0.202411081344/tools/bin/../lib/gcc/arm-none-eabi/13.3.1/../../../../arm-none-eabi/lib/thumb/v7e-m+fp/hard\libc_nano.a(libc_a-malloc.o)
                0x080088d8                free
 .text.sbrk_aligned
                0x080088e8       0x44 D:/STM32CubeIDE_1.18.0/STM32CubeIDE/plugins/com.st.stm32cube.ide.mcu.externaltools.gnu-tools-for-stm32.13.3.rel1.win32_1.0.0.202411081344/tools/bin/../lib/gcc/arm-none-eabi/13.3.1/../../../../arm-none-eabi/lib/thumb/v7e-m+fp/hard\libc_nano.a(libc_a-mallocr.o)
 .text._malloc_r
                0x0800892c      0x100 D:/STM32CubeIDE_1.18.0/STM32CubeIDE/plugins/com.st.stm32cube.ide.mcu.externaltools.gnu-tools-for-stm32.13.3.rel1.win32_1.0.0.202411081344/tools/bin/../lib/gcc/arm-none-eabi/13.3.1/../../../../arm-none-eabi/lib/thumb/v7e-m+fp/hard\libc_nano.a(libc_a-mallocr.o)
                0x0800892c                _malloc_r
 .text.__malloc_lock
                0x08008a2c        0xc D:/STM32CubeIDE_1.18.0/STM32CubeIDE/plugins/com.st.stm32cube.ide.mcu.externaltools.gnu-tools-for-stm32.13.3.rel1.win32_1.0.0.202411081344/tools/bin/../lib/gcc/arm-none-eabi/13.3.1/../../../../arm-none-eabi/lib/thumb/v7e-m+fp/hard\libc_nano.a(libc_a-mlock.o)
                0x08008a2c                __malloc_lock
 .text.__malloc_unlock
                0x08008a38        0xc D:/STM32CubeIDE_1.18.0/STM32CubeIDE/plugins/com.st.stm32cube.ide.mcu.externaltools.gnu-tools-for-stm32.13.3.rel1.win32_1.0.0.202411081344/tools/bin/../lib/gcc/arm-none-eabi/13.3.1/../../../../arm-none-eabi/lib/thumb/v7e-m+fp/hard\libc_nano.a(libc_a-mlock.o)
                0x08008a38                __malloc_unlock
 .text.memset   0x08008a44       0x10 D:/STM32CubeIDE_1.18.0/STM32CubeIDE/plugins/com.st.stm32cube.ide.mcu.externaltools.gnu-tools-for-stm32.13.3.rel1.win32_1.0.0.202411081344/tools/bin/../lib/gcc/arm-none-eabi/13.3.1/../../../../arm-none-eabi/lib/thumb/v7e-m+fp/hard\libc_nano.a(libc_a-memset.o)
                0x08008a44                memset
 .text._sbrk_r  0x08008a54       0x20 D:/STM32CubeIDE_1.18.0/STM32CubeIDE/plugins/com.st.stm32cube.ide.mcu.externaltools.gnu-tools-for-stm32.13.3.rel1.win32_1.0.0.202411081344/tools/bin/../lib/gcc/arm-none-eabi/13.3.1/../../../../arm-none-eabi/lib/thumb/v7e-m+fp/hard\libc_nano.a(libc_a-sbrkr.o)
                0x08008a54                _sbrk_r
 .text.__errno  0x08008a74        0xc D:/STM32CubeIDE_1.18.0/STM32CubeIDE/plugins/com.st.stm32cube.ide.mcu.externaltools.gnu-tools-for-stm32.13.3.rel1.win32_1.0.0.202411081344/tools/bin/../lib/gcc/arm-none-eabi/13.3.1/../../../../arm-none-eabi/lib/thumb/v7e-m+fp/hard\libc_nano.a(libc_a-errno.o)
                0x08008a74                __errno
 .text.__libc_init_array
                0x08008a80       0x48 D:/STM32CubeIDE_1.18.0/STM32CubeIDE/plugins/com.st.stm32cube.ide.mcu.externaltools.gnu-tools-for-stm32.13.3.rel1.win32_1.0.0.202411081344/tools/bin/../lib/gcc/arm-none-eabi/13.3.1/../../../../arm-none-eabi/lib/thumb/v7e-m+fp/hard\libc_nano.a(libc_a-init.o)
                0x08008a80                __libc_init_array
 .text.__retarget_lock_acquire_recursive
                0x08008ac8        0x2 D:/STM32CubeIDE_1.18.0/STM32CubeIDE/plugins/com.st.stm32cube.ide.mcu.externaltools.gnu-tools-for-stm32.13.3.rel1.win32_1.0.0.202411081344/tools/bin/../lib/gcc/arm-none-eabi/13.3.1/../../../../arm-none-eabi/lib/thumb/v7e-m+fp/hard\libc_nano.a(libc_a-lock.o)
                0x08008ac8                __retarget_lock_acquire_recursive
 .text.__retarget_lock_release_recursive
                0x08008aca        0x2 D:/STM32CubeIDE_1.18.0/STM32CubeIDE/plugins/com.st.stm32cube.ide.mcu.externaltools.gnu-tools-for-stm32.13.3.rel1.win32_1.0.0.202411081344/tools/bin/../lib/gcc/arm-none-eabi/13.3.1/../../../../arm-none-eabi/lib/thumb/v7e-m+fp/hard\libc_nano.a(libc_a-lock.o)
                0x08008aca                __retarget_lock_release_recursive
 .text._free_r  0x08008acc       0x94 D:/STM32CubeIDE_1.18.0/STM32CubeIDE/plugins/com.st.stm32cube.ide.mcu.externaltools.gnu-tools-for-stm32.13.3.rel1.win32_1.0.0.202411081344/tools/bin/../lib/gcc/arm-none-eabi/13.3.1/../../../../arm-none-eabi/lib/thumb/v7e-m+fp/hard\libc_nano.a(libc_a-freer.o)
                0x08008acc                _free_r
 *(.glue_7)
 .glue_7        0x08008b60        0x0 linker stubs
 *(.glue_7t)
 .glue_7t       0x08008b60        0x0 linker stubs
 *(.eh_frame)
 .eh_frame      0x08008b60        0x0 D:/STM32CubeIDE_1.18.0/STM32CubeIDE/plugins/com.st.stm32cube.ide.mcu.externaltools.gnu-tools-for-stm32.13.3.rel1.win32_1.0.0.202411081344/tools/bin/../lib/gcc/arm-none-eabi/13.3.1/thumb/v7e-m+fp/hard/crtbegin.o
 *(.init)
 .init          0x08008b60        0x4 D:/STM32CubeIDE_1.18.0/STM32CubeIDE/plugins/com.st.stm32cube.ide.mcu.externaltools.gnu-tools-for-stm32.13.3.rel1.win32_1.0.0.202411081344/tools/bin/../lib/gcc/arm-none-eabi/13.3.1/thumb/v7e-m+fp/hard/crti.o
                0x08008b60                _init
 .init          0x08008b64        0x8 D:/STM32CubeIDE_1.18.0/STM32CubeIDE/plugins/com.st.stm32cube.ide.mcu.externaltools.gnu-tools-for-stm32.13.3.rel1.win32_1.0.0.202411081344/tools/bin/../lib/gcc/arm-none-eabi/13.3.1/thumb/v7e-m+fp/hard/crtn.o
 *(.fini)
 .fini          0x08008b6c        0x4 D:/STM32CubeIDE_1.18.0/STM32CubeIDE/plugins/com.st.stm32cube.ide.mcu.externaltools.gnu-tools-for-stm32.13.3.rel1.win32_1.0.0.202411081344/tools/bin/../lib/gcc/arm-none-eabi/13.3.1/thumb/v7e-m+fp/hard/crti.o
                0x08008b6c                _fini
 .fini          0x08008b70        0x8 D:/STM32CubeIDE_1.18.0/STM32CubeIDE/plugins/com.st.stm32cube.ide.mcu.externaltools.gnu-tools-for-stm32.13.3.rel1.win32_1.0.0.202411081344/tools/bin/../lib/gcc/arm-none-eabi/13.3.1/thumb/v7e-m+fp/hard/crtn.o
                0x08008b78                        . = ALIGN (0x4)
                0x08008b78                        _etext = .

.vfp11_veneer   0x08008b78        0x0
 .vfp11_veneer  0x08008b78        0x0 linker stubs

.v4_bx          0x08008b78        0x0
 .v4_bx         0x08008b78        0x0 linker stubs

.iplt           0x08008b78        0x0
 .iplt          0x08008b78        0x0 D:/STM32CubeIDE_1.18.0/STM32CubeIDE/plugins/com.st.stm32cube.ide.mcu.externaltools.gnu-tools-for-stm32.13.3.rel1.win32_1.0.0.202411081344/tools/bin/../lib/gcc/arm-none-eabi/13.3.1/thumb/v7e-m+fp/hard/crtbegin.o

.rodata         0x08008b78       0x1c
                0x08008b78                        . = ALIGN (0x4)
 *(.rodata)
 .rodata        0x08008b78        0x4 ./Middlewares/USB_Host_Library/usbh_cdc.o
 *(.rodata*)
 .rodata.AHBPrescTable
                0x08008b7c       0x10 ./Core/Src/system_stm32f4xx.o
                0x08008b7c                AHBPrescTable
 .rodata.APBPrescTable
                0x08008b8c        0x8 ./Core/Src/system_stm32f4xx.o
                0x08008b8c                APBPrescTable
                0x08008b94                        . = ALIGN (0x4)

.ARM.extab      0x08008b94        0x0
                0x08008b94                        . = ALIGN (0x4)
 *(.ARM.extab* .gnu.linkonce.armextab.*)
                0x08008b94                        . = ALIGN (0x4)

.ARM            0x08008b94        0x8
                0x08008b94                        . = ALIGN (0x4)
                0x08008b94                        __exidx_start = .
 *(.ARM.exidx*)
 .ARM.exidx     0x08008b94        0x8 D:/STM32CubeIDE_1.18.0/STM32CubeIDE/plugins/com.st.stm32cube.ide.mcu.externaltools.gnu-tools-for-stm32.13.3.rel1.win32_1.0.0.202411081344/tools/bin/../lib/gcc/arm-none-eabi/13.3.1/thumb/v7e-m+fp/hard\libgcc.a(_udivmoddi4.o)
                0x08008b9c                        __exidx_end = .
                0x08008b9c                        . = ALIGN (0x4)

.preinit_array  0x08008b9c        0x0
                0x08008b9c                        . = ALIGN (0x4)
                0x08008b9c                        PROVIDE (__preinit_array_start = .)
 *(.preinit_array*)
                0x08008b9c                        PROVIDE (__preinit_array_end = .)
                0x08008b9c                        . = ALIGN (0x4)

.init_array     0x08008b9c        0x4
                0x08008b9c                        . = ALIGN (0x4)
                0x08008b9c                        PROVIDE (__init_array_start = .)
 *(SORT_BY_NAME(.init_array.*))
 *(.init_array*)
 .init_array    0x08008b9c        0x4 D:/STM32CubeIDE_1.18.0/STM32CubeIDE/plugins/com.st.stm32cube.ide.mcu.externaltools.gnu-tools-for-stm32.13.3.rel1.win32_1.0.0.202411081344/tools/bin/../lib/gcc/arm-none-eabi/13.3.1/thumb/v7e-m+fp/hard/crtbegin.o
                0x08008ba0                        PROVIDE (__init_array_end = .)
                0x08008ba0                        . = ALIGN (0x4)

.fini_array     0x08008ba0        0x4
                0x08008ba0                        . = ALIGN (0x4)
                [!provide]                        PROVIDE (__fini_array_start = .)
 *(SORT_BY_NAME(.fini_array.*))
 *(.fini_array*)
 .fini_array    0x08008ba0        0x4 D:/STM32CubeIDE_1.18.0/STM32CubeIDE/plugins/com.st.stm32cube.ide.mcu.externaltools.gnu-tools-for-stm32.13.3.rel1.win32_1.0.0.202411081344/tools/bin/../lib/gcc/arm-none-eabi/13.3.1/thumb/v7e-m+fp/hard/crtbegin.o
                [!provide]                        PROVIDE (__fini_array_end = .)
                0x08008ba4                        . = ALIGN (0x4)
                0x08008ba4                        _sidata = LOADADDR (.data)

.rel.dyn        0x08008ba4        0x0
 .rel.iplt      0x08008ba4        0x0 D:/STM32CubeIDE_1.18.0/STM32CubeIDE/plugins/com.st.stm32cube.ide.mcu.externaltools.gnu-tools-for-stm32.13.3.rel1.win32_1.0.0.202411081344/tools/bin/../lib/gcc/arm-none-eabi/13.3.1/thumb/v7e-m+fp/hard/crtbegin.o

.data           0x20000000       0x7c load address 0x08008ba4
                0x20000000                        . = ALIGN (0x4)
                0x20000000                        _sdata = .
 *(.data)
 *(.data*)
 .data.SystemCoreClock
                0x20000000        0x4 ./Core/Src/system_stm32f4xx.o
                0x20000000                SystemCoreClock
 .data.uwTickPrio
                0x20000004        0x4 ./Drivers/STM32F4xx_HAL_Driver/stm32f4xx_hal.o
                0x20000004                uwTickPrio
 .data.uwTickFreq
                0x20000008        0x1 ./Drivers/STM32F4xx_HAL_Driver/stm32f4xx_hal.o
                0x20000008                uwTickFreq
 *fill*         0x20000009        0x3 
 .data.CDC_Class
                0x2000000c       0x20 ./Middlewares/USB_Host_Library/usbh_cdc.o
                0x2000000c                CDC_Class
 .data._impure_ptr
                0x2000002c        0x4 D:/STM32CubeIDE_1.18.0/STM32CubeIDE/plugins/com.st.stm32cube.ide.mcu.externaltools.gnu-tools-for-stm32.13.3.rel1.win32_1.0.0.202411081344/tools/bin/../lib/gcc/arm-none-eabi/13.3.1/../../../../arm-none-eabi/lib/thumb/v7e-m+fp/hard\libc_nano.a(libc_a-impure.o)
                0x2000002c                _impure_ptr
 .data._impure_data
                0x20000030       0x4c D:/STM32CubeIDE_1.18.0/STM32CubeIDE/plugins/com.st.stm32cube.ide.mcu.externaltools.gnu-tools-for-stm32.13.3.rel1.win32_1.0.0.202411081344/tools/bin/../lib/gcc/arm-none-eabi/13.3.1/../../../../arm-none-eabi/lib/thumb/v7e-m+fp/hard\libc_nano.a(libc_a-impure.o)
                0x20000030                _impure_data
 *(.RamFunc)
 *(.RamFunc*)
                0x2000007c                        . = ALIGN (0x4)
                0x2000007c                        _edata = .
                0x08008c20                        _siccmram = LOADADDR (.ccmram)

.igot.plt       0x2000007c        0x0 load address 0x08008c20
 .igot.plt      0x2000007c        0x0 D:/STM32CubeIDE_1.18.0/STM32CubeIDE/plugins/com.st.stm32cube.ide.mcu.externaltools.gnu-tools-for-stm32.13.3.rel1.win32_1.0.0.202411081344/tools/bin/../lib/gcc/arm-none-eabi/13.3.1/thumb/v7e-m+fp/hard/crtbegin.o

.ccmram         0x10000000        0x0 load address 0x08008c20
                0x10000000                        . = ALIGN (0x4)
                0x10000000                        _sccmram = .
 *(.ccmram)
 *(.ccmram*)
                0x10000000                        . = ALIGN (0x4)
                0x10000000                        _eccmram = .
                0x10000000                        . = ALIGN (0x4)

.bss            0x2000007c      0xa1c
                0x2000007c                        _sbss = .
                0x2000007c                        __bss_start__ = _sbss
 *(.bss)
 .bss           0x2000007c       0x1c D:/STM32CubeIDE_1.18.0/STM32CubeIDE/plugins/com.st.stm32cube.ide.mcu.externaltools.gnu-tools-for-stm32.13.3.rel1.win32_1.0.0.202411081344/tools/bin/../lib/gcc/arm-none-eabi/13.3.1/thumb/v7e-m+fp/hard/crtbegin.o
 *(.bss*)
 .bss.hi2c1     0x20000098       0x54 ./Core/Src/main.o
                0x20000098                hi2c1
 .bss.hi2s3     0x200000ec       0x48 ./Core/Src/main.o
                0x200000ec                hi2s3
 .bss.hspi1     0x20000134       0x58 ./Core/Src/main.o
                0x20000134                hspi1
 .bss.__sbrk_heap_end
                0x2000018c        0x4 ./Core/Src/sysmem.o
 .bss.uwTick    0x20000190        0x4 ./Drivers/STM32F4xx_HAL_Driver/stm32f4xx_hal.o
                0x20000190                uwTick
 .bss.hUsbHostFS
                0x20000194      0x3d8 ./USB_HOST/App/usb_host.o
                0x20000194                hUsbHostFS
 .bss.Appli_state
                0x2000056c        0x1 ./USB_HOST/App/usb_host.o
                0x2000056c                Appli_state
 *fill*         0x2000056d        0x3 
 .bss.hhcd_USB_OTG_FS
                0x20000570      0x3e0 ./USB_HOST/Target/usbh_conf.o
                0x20000570                hhcd_USB_OTG_FS
 .bss.__malloc_sbrk_start
                0x20000950        0x4 D:/STM32CubeIDE_1.18.0/STM32CubeIDE/plugins/com.st.stm32cube.ide.mcu.externaltools.gnu-tools-for-stm32.13.3.rel1.win32_1.0.0.202411081344/tools/bin/../lib/gcc/arm-none-eabi/13.3.1/../../../../arm-none-eabi/lib/thumb/v7e-m+fp/hard\libc_nano.a(libc_a-mallocr.o)
                0x20000950                __malloc_sbrk_start
 .bss.__malloc_free_list
                0x20000954        0x4 D:/STM32CubeIDE_1.18.0/STM32CubeIDE/plugins/com.st.stm32cube.ide.mcu.externaltools.gnu-tools-for-stm32.13.3.rel1.win32_1.0.0.202411081344/tools/bin/../lib/gcc/arm-none-eabi/13.3.1/../../../../arm-none-eabi/lib/thumb/v7e-m+fp/hard\libc_nano.a(libc_a-mallocr.o)
                0x20000954                __malloc_free_list
 .bss.__sf      0x20000958      0x138 D:/STM32CubeIDE_1.18.0/STM32CubeIDE/plugins/com.st.stm32cube.ide.mcu.externaltools.gnu-tools-for-stm32.13.3.rel1.win32_1.0.0.202411081344/tools/bin/../lib/gcc/arm-none-eabi/13.3.1/../../../../arm-none-eabi/lib/thumb/v7e-m+fp/hard\libc_nano.a(libc_a-findfp.o)
                0x20000958                __sf
 .bss.errno     0x20000a90        0x4 D:/STM32CubeIDE_1.18.0/STM32CubeIDE/plugins/com.st.stm32cube.ide.mcu.externaltools.gnu-tools-for-stm32.13.3.rel1.win32_1.0.0.202411081344/tools/bin/../lib/gcc/arm-none-eabi/13.3.1/../../../../arm-none-eabi/lib/thumb/v7e-m+fp/hard\libc_nano.a(libc_a-reent.o)
                0x20000a90                errno
 .bss.__lock___malloc_recursive_mutex
                0x20000a94        0x1 D:/STM32CubeIDE_1.18.0/STM32CubeIDE/plugins/com.st.stm32cube.ide.mcu.externaltools.gnu-tools-for-stm32.13.3.rel1.win32_1.0.0.202411081344/tools/bin/../lib/gcc/arm-none-eabi/13.3.1/../../../../arm-none-eabi/lib/thumb/v7e-m+fp/hard\libc_nano.a(libc_a-lock.o)
                0x20000a94                __lock___malloc_recursive_mutex
 *(COMMON)
                0x20000a98                        . = ALIGN (0x4)
 *fill*         0x20000a95        0x3 
                0x20000a98                        _ebss = .
                0x20000a98                        __bss_end__ = _ebss

._user_heap_stack
                0x20000a98      0x600
                0x20000a98                        . = ALIGN (0x8)
                [!provide]                        PROVIDE (end = .)
                0x20000a98                        PROVIDE (_end = .)
                0x20000c98                        . = (. + _Min_Heap_Size)
 *fill*         0x20000a98      0x200 
                0x20001098                        . = (. + _Min_Stack_Size)
 *fill*         0x20000c98      0x400 
                0x20001098                        . = ALIGN (0x8)

/DISCARD/
 libc.a(*)
 libm.a(*)
 libgcc.a(*)

.ARM.attributes
                0x00000000       0x30
 *(.ARM.attributes)
 .ARM.attributes
                0x00000000       0x22 D:/STM32CubeIDE_1.18.0/STM32CubeIDE/plugins/com.st.stm32cube.ide.mcu.externaltools.gnu-tools-for-stm32.13.3.rel1.win32_1.0.0.202411081344/tools/bin/../lib/gcc/arm-none-eabi/13.3.1/thumb/v7e-m+fp/hard/crti.o
 .ARM.attributes
                0x00000022       0x34 D:/STM32CubeIDE_1.18.0/STM32CubeIDE/plugins/com.st.stm32cube.ide.mcu.externaltools.gnu-tools-for-stm32.13.3.rel1.win32_1.0.0.202411081344/tools/bin/../lib/gcc/arm-none-eabi/13.3.1/thumb/v7e-m+fp/hard/crtbegin.o
 .ARM.attributes
                0x00000056       0x34 ./Core/Src/main.o
 .ARM.attributes
                0x0000008a       0x34 ./Core/Src/stm32f4xx_hal_msp.o
 .ARM.attributes
                0x000000be       0x34 ./Core/Src/stm32f4xx_it.o
 .ARM.attributes
                0x000000f2       0x34 ./Core/Src/sysmem.o
 .ARM.attributes
                0x00000126       0x34 ./Core/Src/system_stm32f4xx.o
 .ARM.attributes
                0x0000015a       0x21 ./Core/Startup/startup_stm32f407vgtx.o
 .ARM.attributes
                0x0000017b       0x34 ./Drivers/STM32F4xx_HAL_Driver/stm32f4xx_hal.o
 .ARM.attributes
                0x000001af       0x34 ./Drivers/STM32F4xx_HAL_Driver/stm32f4xx_hal_cortex.o
 .ARM.attributes
                0x000001e3       0x34 ./Drivers/STM32F4xx_HAL_Driver/stm32f4xx_hal_gpio.o
 .ARM.attributes
                0x00000217       0x34 ./Drivers/STM32F4xx_HAL_Driver/stm32f4xx_hal_hcd.o
 .ARM.attributes
                0x0000024b       0x34 ./Drivers/STM32F4xx_HAL_Driver/stm32f4xx_hal_i2c.o
 .ARM.attributes
                0x0000027f       0x34 ./Drivers/STM32F4xx_HAL_Driver/stm32f4xx_hal_i2s.o
 .ARM.attributes
                0x000002b3       0x34 ./Drivers/STM32F4xx_HAL_Driver/stm32f4xx_hal_i2s_ex.o
 .ARM.attributes
                0x000002e7       0x34 ./Drivers/STM32F4xx_HAL_Driver/stm32f4xx_hal_rcc.o
 .ARM.attributes
                0x0000031b       0x34 ./Drivers/STM32F4xx_HAL_Driver/stm32f4xx_hal_rcc_ex.o
 .ARM.attributes
                0x0000034f       0x34 ./Drivers/STM32F4xx_HAL_Driver/stm32f4xx_hal_spi.o
 .ARM.attributes
                0x00000383       0x34 ./Drivers/STM32F4xx_HAL_Driver/stm32f4xx_ll_usb.o
 .ARM.attributes
                0x000003b7       0x34 ./Middlewares/USB_Host_Library/usbh_cdc.o
 .ARM.attributes
                0x000003eb       0x34 ./Middlewares/USB_Host_Library/usbh_core.o
 .ARM.attributes
                0x0000041f       0x34 ./Middlewares/USB_Host_Library/usbh_ctlreq.o
 .ARM.attributes
                0x00000453       0x34 ./Middlewares/USB_Host_Library/usbh_ioreq.o
 .ARM.attributes
                0x00000487       0x34 ./Middlewares/USB_Host_Library/usbh_pipes.o
 .ARM.attributes
                0x000004bb       0x34 ./USB_HOST/App/usb_host.o
 .ARM.attributes
                0x000004ef       0x34 ./USB_HOST/Target/usbh_conf.o
 .ARM.attributes
                0x00000523       0x34 ./USB_HOST/Target/usbh_platform.o
 .ARM.attributes
                0x00000557       0x34 D:/STM32CubeIDE_1.18.0/STM32CubeIDE/plugins/com.st.stm32cube.ide.mcu.externaltools.gnu-tools-for-stm32.13.3.rel1.win32_1.0.0.202411081344/tools/bin/../lib/gcc/arm-none-eabi/13.3.1/../../../../arm-none-eabi/lib/thumb/v7e-m+fp/hard\libc_nano.a(libc_a-malloc.o)
 .ARM.attributes
                0x0000058b       0x34 D:/STM32CubeIDE_1.18.0/STM32CubeIDE/plugins/com.st.stm32cube.ide.mcu.externaltools.gnu-tools-for-stm32.13.3.rel1.win32_1.0.0.202411081344/tools/bin/../lib/gcc/arm-none-eabi/13.3.1/../../../../arm-none-eabi/lib/thumb/v7e-m+fp/hard\libc_nano.a(libc_a-mallocr.o)
 .ARM.attributes
                0x000005bf       0x34 D:/STM32CubeIDE_1.18.0/STM32CubeIDE/plugins/com.st.stm32cube.ide.mcu.externaltools.gnu-tools-for-stm32.13.3.rel1.win32_1.0.0.202411081344/tools/bin/../lib/gcc/arm-none-eabi/13.3.1/../../../../arm-none-eabi/lib/thumb/v7e-m+fp/hard\libc_nano.a(libc_a-mlock.o)
 .ARM.attributes
                0x000005f3       0x34 D:/STM32CubeIDE_1.18.0/STM32CubeIDE/plugins/com.st.stm32cube.ide.mcu.externaltools.gnu-tools-for-stm32.13.3.rel1.win32_1.0.0.202411081344/tools/bin/../lib/gcc/arm-none-eabi/13.3.1/../../../../arm-none-eabi/lib/thumb/v7e-m+fp/hard\libc_nano.a(libc_a-findfp.o)
 .ARM.attributes
                0x00000627       0x34 D:/STM32CubeIDE_1.18.0/STM32CubeIDE/plugins/com.st.stm32cube.ide.mcu.externaltools.gnu-tools-for-stm32.13.3.rel1.win32_1.0.0.202411081344/tools/bin/../lib/gcc/arm-none-eabi/13.3.1/../../../../arm-none-eabi/lib/thumb/v7e-m+fp/hard\libc_nano.a(libc_a-memset.o)
 .ARM.attributes
                0x0000065b       0x34 D:/STM32CubeIDE_1.18.0/STM32CubeIDE/plugins/com.st.stm32cube.ide.mcu.externaltools.gnu-tools-for-stm32.13.3.rel1.win32_1.0.0.202411081344/tools/bin/../lib/gcc/arm-none-eabi/13.3.1/../../../../arm-none-eabi/lib/thumb/v7e-m+fp/hard\libc_nano.a(libc_a-reent.o)
 .ARM.attributes
                0x0000068f       0x34 D:/STM32CubeIDE_1.18.0/STM32CubeIDE/plugins/com.st.stm32cube.ide.mcu.externaltools.gnu-tools-for-stm32.13.3.rel1.win32_1.0.0.202411081344/tools/bin/../lib/gcc/arm-none-eabi/13.3.1/../../../../arm-none-eabi/lib/thumb/v7e-m+fp/hard\libc_nano.a(libc_a-impure.o)
 .ARM.attributes
                0x000006c3       0x34 D:/STM32CubeIDE_1.18.0/STM32CubeIDE/plugins/com.st.stm32cube.ide.mcu.externaltools.gnu-tools-for-stm32.13.3.rel1.win32_1.0.0.202411081344/tools/bin/../lib/gcc/arm-none-eabi/13.3.1/../../../../arm-none-eabi/lib/thumb/v7e-m+fp/hard\libc_nano.a(libc_a-sbrkr.o)
 .ARM.attributes
                0x000006f7       0x34 D:/STM32CubeIDE_1.18.0/STM32CubeIDE/plugins/com.st.stm32cube.ide.mcu.externaltools.gnu-tools-for-stm32.13.3.rel1.win32_1.0.0.202411081344/tools/bin/../lib/gcc/arm-none-eabi/13.3.1/../../../../arm-none-eabi/lib/thumb/v7e-m+fp/hard\libc_nano.a(libc_a-errno.o)
 .ARM.attributes
                0x0000072b       0x34 D:/STM32CubeIDE_1.18.0/STM32CubeIDE/plugins/com.st.stm32cube.ide.mcu.externaltools.gnu-tools-for-stm32.13.3.rel1.win32_1.0.0.202411081344/tools/bin/../lib/gcc/arm-none-eabi/13.3.1/../../../../arm-none-eabi/lib/thumb/v7e-m+fp/hard\libc_nano.a(libc_a-init.o)
 .ARM.attributes
                0x0000075f       0x34 D:/STM32CubeIDE_1.18.0/STM32CubeIDE/plugins/com.st.stm32cube.ide.mcu.externaltools.gnu-tools-for-stm32.13.3.rel1.win32_1.0.0.202411081344/tools/bin/../lib/gcc/arm-none-eabi/13.3.1/../../../../arm-none-eabi/lib/thumb/v7e-m+fp/hard\libc_nano.a(libc_a-lock.o)
 .ARM.attributes
                0x00000793       0x34 D:/STM32CubeIDE_1.18.0/STM32CubeIDE/plugins/com.st.stm32cube.ide.mcu.externaltools.gnu-tools-for-stm32.13.3.rel1.win32_1.0.0.202411081344/tools/bin/../lib/gcc/arm-none-eabi/13.3.1/../../../../arm-none-eabi/lib/thumb/v7e-m+fp/hard\libc_nano.a(libc_a-freer.o)
 .ARM.attributes
                0x000007c7       0x22 D:/STM32CubeIDE_1.18.0/STM32CubeIDE/plugins/com.st.stm32cube.ide.mcu.externaltools.gnu-tools-for-stm32.13.3.rel1.win32_1.0.0.202411081344/tools/bin/../lib/gcc/arm-none-eabi/13.3.1/thumb/v7e-m+fp/hard\libgcc.a(_aeabi_uldivmod.o)
 .ARM.attributes
                0x000007e9       0x34 D:/STM32CubeIDE_1.18.0/STM32CubeIDE/plugins/com.st.stm32cube.ide.mcu.externaltools.gnu-tools-for-stm32.13.3.rel1.win32_1.0.0.202411081344/tools/bin/../lib/gcc/arm-none-eabi/13.3.1/thumb/v7e-m+fp/hard\libgcc.a(_udivmoddi4.o)
 .ARM.attributes
                0x0000081d       0x22 D:/STM32CubeIDE_1.18.0/STM32CubeIDE/plugins/com.st.stm32cube.ide.mcu.externaltools.gnu-tools-for-stm32.13.3.rel1.win32_1.0.0.202411081344/tools/bin/../lib/gcc/arm-none-eabi/13.3.1/thumb/v7e-m+fp/hard\libgcc.a(_dvmd_tls.o)
 .ARM.attributes
                0x0000083f       0x22 D:/STM32CubeIDE_1.18.0/STM32CubeIDE/plugins/com.st.stm32cube.ide.mcu.externaltools.gnu-tools-for-stm32.13.3.rel1.win32_1.0.0.202411081344/tools/bin/../lib/gcc/arm-none-eabi/13.3.1/thumb/v7e-m+fp/hard/crtn.o
OUTPUT(01_SimpleLEDblink.elf elf32-littlearm)
LOAD linker stubs
LOAD D:/STM32CubeIDE_1.18.0/STM32CubeIDE/plugins/com.st.stm32cube.ide.mcu.externaltools.gnu-tools-for-stm32.13.3.rel1.win32_1.0.0.202411081344/tools/bin/../lib/gcc/arm-none-eabi/13.3.1/../../../../arm-none-eabi/lib/thumb/v7e-m+fp/hard\libc.a
LOAD D:/STM32CubeIDE_1.18.0/STM32CubeIDE/plugins/com.st.stm32cube.ide.mcu.externaltools.gnu-tools-for-stm32.13.3.rel1.win32_1.0.0.202411081344/tools/bin/../lib/gcc/arm-none-eabi/13.3.1/../../../../arm-none-eabi/lib/thumb/v7e-m+fp/hard\libm.a
LOAD D:/STM32CubeIDE_1.18.0/STM32CubeIDE/plugins/com.st.stm32cube.ide.mcu.externaltools.gnu-tools-for-stm32.13.3.rel1.win32_1.0.0.202411081344/tools/bin/../lib/gcc/arm-none-eabi/13.3.1/thumb/v7e-m+fp/hard\libgcc.a

.debug_info     0x00000000    0x149ea
 .debug_info    0x00000000     0x10f4 ./Core/Src/main.o
 .debug_info    0x000010f4      0xfdc ./Core/Src/stm32f4xx_hal_msp.o
 .debug_info    0x000020d0      0x6a5 ./Core/Src/stm32f4xx_it.o
 .debug_info    0x00002775      0x168 ./Core/Src/sysmem.o
 .debug_info    0x000028dd      0x512 ./Core/Src/system_stm32f4xx.o
 .debug_info    0x00002def       0x30 ./Core/Startup/startup_stm32f407vgtx.o
 .debug_info    0x00002e1f      0x944 ./Drivers/STM32F4xx_HAL_Driver/stm32f4xx_hal.o
 .debug_info    0x00003763      0xd8c ./Drivers/STM32F4xx_HAL_Driver/stm32f4xx_hal_cortex.o
 .debug_info    0x000044ef      0x6c3 ./Drivers/STM32F4xx_HAL_Driver/stm32f4xx_hal_gpio.o
 .debug_info    0x00004bb2     0x114c ./Drivers/STM32F4xx_HAL_Driver/stm32f4xx_hal_hcd.o
 .debug_info    0x00005cfe     0x2415 ./Drivers/STM32F4xx_HAL_Driver/stm32f4xx_hal_i2c.o
 .debug_info    0x00008113      0xe02 ./Drivers/STM32F4xx_HAL_Driver/stm32f4xx_hal_i2s.o
 .debug_info    0x00008f15      0xaae ./Drivers/STM32F4xx_HAL_Driver/stm32f4xx_hal_i2s_ex.o
 .debug_info    0x000099c3      0x8c3 ./Drivers/STM32F4xx_HAL_Driver/stm32f4xx_hal_rcc.o
 .debug_info    0x0000a286      0x536 ./Drivers/STM32F4xx_HAL_Driver/stm32f4xx_hal_rcc_ex.o
 .debug_info    0x0000a7bc     0x1525 ./Drivers/STM32F4xx_HAL_Driver/stm32f4xx_hal_spi.o
 .debug_info    0x0000bce1     0x1993 ./Drivers/STM32F4xx_HAL_Driver/stm32f4xx_ll_usb.o
 .debug_info    0x0000d674     0x1479 ./Middlewares/USB_Host_Library/usbh_cdc.o
 .debug_info    0x0000eaed      0xfb5 ./Middlewares/USB_Host_Library/usbh_core.o
 .debug_info    0x0000faa2      0xfaf ./Middlewares/USB_Host_Library/usbh_ctlreq.o
 .debug_info    0x00010a51      0xc2e ./Middlewares/USB_Host_Library/usbh_ioreq.o
 .debug_info    0x0001167f      0xa91 ./Middlewares/USB_Host_Library/usbh_pipes.o
 .debug_info    0x00012110      0xa13 ./USB_HOST/App/usb_host.o
 .debug_info    0x00012b23     0x1cef ./USB_HOST/Target/usbh_conf.o
 .debug_info    0x00014812      0x1d8 ./USB_HOST/Target/usbh_platform.o

.debug_abbrev   0x00000000     0x3854
 .debug_abbrev  0x00000000      0x270 ./Core/Src/main.o
 .debug_abbrev  0x00000270      0x228 ./Core/Src/stm32f4xx_hal_msp.o
 .debug_abbrev  0x00000498      0x1a4 ./Core/Src/stm32f4xx_it.o
 .debug_abbrev  0x0000063c       0xbc ./Core/Src/sysmem.o
 .debug_abbrev  0x000006f8      0x11a ./Core/Src/system_stm32f4xx.o
 .debug_abbrev  0x00000812       0x24 ./Core/Startup/startup_stm32f407vgtx.o
 .debug_abbrev  0x00000836      0x214 ./Drivers/STM32F4xx_HAL_Driver/stm32f4xx_hal.o
 .debug_abbrev  0x00000a4a      0x31d ./Drivers/STM32F4xx_HAL_Driver/stm32f4xx_hal_cortex.o
 .debug_abbrev  0x00000d67      0x1d4 ./Drivers/STM32F4xx_HAL_Driver/stm32f4xx_hal_gpio.o
 .debug_abbrev  0x00000f3b      0x296 ./Drivers/STM32F4xx_HAL_Driver/stm32f4xx_hal_hcd.o
 .debug_abbrev  0x000011d1      0x2ad ./Drivers/STM32F4xx_HAL_Driver/stm32f4xx_hal_i2c.o
 .debug_abbrev  0x0000147e      0x25d ./Drivers/STM32F4xx_HAL_Driver/stm32f4xx_hal_i2s.o
 .debug_abbrev  0x000016db      0x276 ./Drivers/STM32F4xx_HAL_Driver/stm32f4xx_hal_i2s_ex.o
 .debug_abbrev  0x00001951      0x2b7 ./Drivers/STM32F4xx_HAL_Driver/stm32f4xx_hal_rcc.o
 .debug_abbrev  0x00001c08      0x1b0 ./Drivers/STM32F4xx_HAL_Driver/stm32f4xx_hal_rcc_ex.o
 .debug_abbrev  0x00001db8      0x27a ./Drivers/STM32F4xx_HAL_Driver/stm32f4xx_hal_spi.o
 .debug_abbrev  0x00002032      0x2b3 ./Drivers/STM32F4xx_HAL_Driver/stm32f4xx_ll_usb.o
 .debug_abbrev  0x000022e5      0x33c ./Middlewares/USB_Host_Library/usbh_cdc.o
 .debug_abbrev  0x00002621      0x32a ./Middlewares/USB_Host_Library/usbh_core.o
 .debug_abbrev  0x0000294b      0x2ff ./Middlewares/USB_Host_Library/usbh_ctlreq.o
 .debug_abbrev  0x00002c4a      0x245 ./Middlewares/USB_Host_Library/usbh_ioreq.o
 .debug_abbrev  0x00002e8f      0x281 ./Middlewares/USB_Host_Library/usbh_pipes.o
 .debug_abbrev  0x00003110      0x26e ./USB_HOST/App/usb_host.o
 .debug_abbrev  0x0000337e      0x3c2 ./USB_HOST/Target/usbh_conf.o
 .debug_abbrev  0x00003740      0x114 ./USB_HOST/Target/usbh_platform.o

.debug_aranges  0x00000000     0x1140
 .debug_aranges
                0x00000000       0x50 ./Core/Src/main.o
 .debug_aranges
                0x00000050       0x50 ./Core/Src/stm32f4xx_hal_msp.o
 .debug_aranges
                0x000000a0       0x68 ./Core/Src/stm32f4xx_it.o
 .debug_aranges
                0x00000108       0x20 ./Core/Src/sysmem.o
 .debug_aranges
                0x00000128       0x28 ./Core/Src/system_stm32f4xx.o
 .debug_aranges
                0x00000150       0x28 ./Core/Startup/startup_stm32f407vgtx.o
 .debug_aranges
                0x00000178       0xf0 ./Drivers/STM32F4xx_HAL_Driver/stm32f4xx_hal.o
 .debug_aranges
                0x00000268      0x130 ./Drivers/STM32F4xx_HAL_Driver/stm32f4xx_hal_cortex.o
 .debug_aranges
                0x00000398       0x58 ./Drivers/STM32F4xx_HAL_Driver/stm32f4xx_hal_gpio.o
 .debug_aranges
                0x000003f0      0x108 ./Drivers/STM32F4xx_HAL_Driver/stm32f4xx_hal_hcd.o
 .debug_aranges
                0x000004f8      0x2a8 ./Drivers/STM32F4xx_HAL_Driver/stm32f4xx_hal_i2c.o
 .debug_aranges
                0x000007a0      0x108 ./Drivers/STM32F4xx_HAL_Driver/stm32f4xx_hal_i2s.o
 .debug_aranges
                0x000008a8       0x88 ./Drivers/STM32F4xx_HAL_Driver/stm32f4xx_hal_i2s_ex.o
 .debug_aranges
                0x00000930       0x88 ./Drivers/STM32F4xx_HAL_Driver/stm32f4xx_hal_rcc.o
 .debug_aranges
                0x000009b8       0x48 ./Drivers/STM32F4xx_HAL_Driver/stm32f4xx_hal_rcc_ex.o
 .debug_aranges
                0x00000a00      0x1d0 ./Drivers/STM32F4xx_HAL_Driver/stm32f4xx_hal_spi.o
 .debug_aranges
                0x00000bd0      0x1a0 ./Drivers/STM32F4xx_HAL_Driver/stm32f4xx_ll_usb.o
 .debug_aranges
                0x00000d70       0xa8 ./Middlewares/USB_Host_Library/usbh_cdc.o
 .debug_aranges
                0x00000e18       0xc0 ./Middlewares/USB_Host_Library/usbh_core.o
 .debug_aranges
                0x00000ed8       0xa0 ./Middlewares/USB_Host_Library/usbh_ctlreq.o
 .debug_aranges
                0x00000f78       0x60 ./Middlewares/USB_Host_Library/usbh_ioreq.o
 .debug_aranges
                0x00000fd8       0x40 ./Middlewares/USB_Host_Library/usbh_pipes.o
 .debug_aranges
                0x00001018       0x30 ./USB_HOST/App/usb_host.o
 .debug_aranges
                0x00001048       0xd8 ./USB_HOST/Target/usbh_conf.o
 .debug_aranges
                0x00001120       0x20 ./USB_HOST/Target/usbh_platform.o

.debug_rnglists
                0x00000000      0xd1f
 .debug_rnglists
                0x00000000       0x39 ./Core/Src/main.o
 .debug_rnglists
                0x00000039       0x3a ./Core/Src/stm32f4xx_hal_msp.o
 .debug_rnglists
                0x00000073       0x49 ./Core/Src/stm32f4xx_it.o
 .debug_rnglists
                0x000000bc       0x13 ./Core/Src/sysmem.o
 .debug_rnglists
                0x000000cf       0x1a ./Core/Src/system_stm32f4xx.o
 .debug_rnglists
                0x000000e9       0x19 ./Core/Startup/startup_stm32f407vgtx.o
 .debug_rnglists
                0x00000102       0xaf ./Drivers/STM32F4xx_HAL_Driver/stm32f4xx_hal.o
 .debug_rnglists
                0x000001b1       0xe0 ./Drivers/STM32F4xx_HAL_Driver/stm32f4xx_hal_cortex.o
 .debug_rnglists
                0x00000291       0x3f ./Drivers/STM32F4xx_HAL_Driver/stm32f4xx_hal_gpio.o
 .debug_rnglists
                0x000002d0       0xca ./Drivers/STM32F4xx_HAL_Driver/stm32f4xx_hal_hcd.o
 .debug_rnglists
                0x0000039a      0x23c ./Drivers/STM32F4xx_HAL_Driver/stm32f4xx_hal_i2c.o
 .debug_rnglists
                0x000005d6       0xcc ./Drivers/STM32F4xx_HAL_Driver/stm32f4xx_hal_i2s.o
 .debug_rnglists
                0x000006a2       0x6a ./Drivers/STM32F4xx_HAL_Driver/stm32f4xx_hal_i2s_ex.o
 .debug_rnglists
                0x0000070c       0x66 ./Drivers/STM32F4xx_HAL_Driver/stm32f4xx_hal_rcc.o
 .debug_rnglists
                0x00000772       0x35 ./Drivers/STM32F4xx_HAL_Driver/stm32f4xx_hal_rcc_ex.o
 .debug_rnglists
                0x000007a7      0x16f ./Drivers/STM32F4xx_HAL_Driver/stm32f4xx_hal_spi.o
 .debug_rnglists
                0x00000916      0x147 ./Drivers/STM32F4xx_HAL_Driver/stm32f4xx_ll_usb.o
 .debug_rnglists
                0x00000a5d       0x7e ./Middlewares/USB_Host_Library/usbh_cdc.o
 .debug_rnglists
                0x00000adb       0x8f ./Middlewares/USB_Host_Library/usbh_core.o
 .debug_rnglists
                0x00000b6a       0x77 ./Middlewares/USB_Host_Library/usbh_ctlreq.o
 .debug_rnglists
                0x00000be1       0x43 ./Middlewares/USB_Host_Library/usbh_ioreq.o
 .debug_rnglists
                0x00000c24       0x2b ./Middlewares/USB_Host_Library/usbh_pipes.o
 .debug_rnglists
                0x00000c4f       0x1f ./USB_HOST/App/usb_host.o
 .debug_rnglists
                0x00000c6e       0x9e ./USB_HOST/Target/usbh_conf.o
 .debug_rnglists
                0x00000d0c       0x13 ./USB_HOST/Target/usbh_platform.o

.debug_macro    0x00000000    0x2345f
 .debug_macro   0x00000000      0x21f ./Core/Src/main.o
 .debug_macro   0x0000021f      0xad8 ./Core/Src/main.o
 .debug_macro   0x00000cf7      0x2a7 ./Core/Src/main.o
 .debug_macro   0x00000f9e       0x2e ./Core/Src/main.o
 .debug_macro   0x00000fcc       0x2f ./Core/Src/main.o
 .debug_macro   0x00000ffb       0x22 ./Core/Src/main.o
 .debug_macro   0x0000101d       0x8e ./Core/Src/main.o
 .debug_macro   0x000010ab       0x51 ./Core/Src/main.o
 .debug_macro   0x000010fc      0x103 ./Core/Src/main.o
 .debug_macro   0x000011ff       0x6a ./Core/Src/main.o
 .debug_macro   0x00001269      0x1df ./Core/Src/main.o
 .debug_macro   0x00001448       0x1c ./Core/Src/main.o
 .debug_macro   0x00001464       0x22 ./Core/Src/main.o
 .debug_macro   0x00001486       0xfb ./Core/Src/main.o
 .debug_macro   0x00001581     0x1011 ./Core/Src/main.o
 .debug_macro   0x00002592      0x11f ./Core/Src/main.o
 .debug_macro   0x000026b1    0x15ea5 ./Core/Src/main.o
 .debug_macro   0x00018556       0x6d ./Core/Src/main.o
 .debug_macro   0x000185c3     0x3693 ./Core/Src/main.o
 .debug_macro   0x0001bc56      0x190 ./Core/Src/main.o
 .debug_macro   0x0001bde6       0x5c ./Core/Src/main.o
 .debug_macro   0x0001be42      0x980 ./Core/Src/main.o
 .debug_macro   0x0001c7c2      0x9e9 ./Core/Src/main.o
 .debug_macro   0x0001d1ab      0x115 ./Core/Src/main.o
 .debug_macro   0x0001d2c0      0x13e ./Core/Src/main.o
 .debug_macro   0x0001d3fe       0xa5 ./Core/Src/main.o
 .debug_macro   0x0001d4a3      0x174 ./Core/Src/main.o
 .debug_macro   0x0001d617      0x287 ./Core/Src/main.o
 .debug_macro   0x0001d89e       0x5f ./Core/Src/main.o
 .debug_macro   0x0001d8fd      0x236 ./Core/Src/main.o
 .debug_macro   0x0001db33      0x12c ./Core/Src/main.o
 .debug_macro   0x0001dc5f      0x21e ./Core/Src/main.o
 .debug_macro   0x0001de7d       0x2e ./Core/Src/main.o
 .debug_macro   0x0001deab      0x1b5 ./Core/Src/main.o
 .debug_macro   0x0001e060       0xd6 ./Core/Src/main.o
 .debug_macro   0x0001e136      0x1a7 ./Core/Src/main.o
 .debug_macro   0x0001e2dd       0x46 ./Core/Src/main.o
 .debug_macro   0x0001e323       0x4a ./Core/Src/main.o
 .debug_macro   0x0001e36d      0x127 ./Core/Src/main.o
 .debug_macro   0x0001e494       0x7e ./Core/Src/main.o
 .debug_macro   0x0001e512       0x89 ./Core/Src/main.o
 .debug_macro   0x0001e59b      0x225 ./Core/Src/main.o
 .debug_macro   0x0001e7c0      0x293 ./Core/Src/main.o
 .debug_macro   0x0001ea53       0x98 ./Core/Src/main.o
 .debug_macro   0x0001eaeb      0x12d ./Core/Src/main.o
 .debug_macro   0x0001ec18      0x184 ./Core/Src/main.o
 .debug_macro   0x0001ed9c      0x215 ./Core/Src/stm32f4xx_hal_msp.o
 .debug_macro   0x0001efb1      0x21f ./Core/Src/stm32f4xx_it.o
 .debug_macro   0x0001f1d0      0x112 ./Core/Src/sysmem.o
 .debug_macro   0x0001f2e2      0x23c ./Core/Src/sysmem.o
 .debug_macro   0x0001f51e      0x206 ./Core/Src/system_stm32f4xx.o
 .debug_macro   0x0001f724      0x266 ./Drivers/STM32F4xx_HAL_Driver/stm32f4xx_hal.o
 .debug_macro   0x0001f98a      0x206 ./Drivers/STM32F4xx_HAL_Driver/stm32f4xx_hal_cortex.o
 .debug_macro   0x0001fb90      0x20c ./Drivers/STM32F4xx_HAL_Driver/stm32f4xx_hal_gpio.o
 .debug_macro   0x0001fd9c      0x206 ./Drivers/STM32F4xx_HAL_Driver/stm32f4xx_hal_hcd.o
 .debug_macro   0x0001ffa2      0x254 ./Drivers/STM32F4xx_HAL_Driver/stm32f4xx_hal_i2c.o
 .debug_macro   0x000201f6      0x20e ./Drivers/STM32F4xx_HAL_Driver/stm32f4xx_hal_i2s.o
 .debug_macro   0x00020404      0x206 ./Drivers/STM32F4xx_HAL_Driver/stm32f4xx_hal_i2s_ex.o
 .debug_macro   0x0002060a      0x22a ./Drivers/STM32F4xx_HAL_Driver/stm32f4xx_hal_rcc.o
 .debug_macro   0x00020834      0x206 ./Drivers/STM32F4xx_HAL_Driver/stm32f4xx_hal_rcc_ex.o
 .debug_macro   0x00020a3a      0x215 ./Drivers/STM32F4xx_HAL_Driver/stm32f4xx_hal_spi.o
 .debug_macro   0x00020c4f      0x206 ./Drivers/STM32F4xx_HAL_Driver/stm32f4xx_ll_usb.o
 .debug_macro   0x00020e55      0x3ad ./Middlewares/USB_Host_Library/usbh_cdc.o
 .debug_macro   0x00021202       0x16 ./Middlewares/USB_Host_Library/usbh_cdc.o
 .debug_macro   0x00021218       0x9e ./Middlewares/USB_Host_Library/usbh_cdc.o
 .debug_macro   0x000212b6      0x112 ./Middlewares/USB_Host_Library/usbh_cdc.o
 .debug_macro   0x000213c8       0x16 ./Middlewares/USB_Host_Library/usbh_cdc.o
 .debug_macro   0x000213de       0x16 ./Middlewares/USB_Host_Library/usbh_cdc.o
 .debug_macro   0x000213f4       0x20 ./Middlewares/USB_Host_Library/usbh_cdc.o
 .debug_macro   0x00021414       0x56 ./Middlewares/USB_Host_Library/usbh_cdc.o
 .debug_macro   0x0002146a       0x73 ./Middlewares/USB_Host_Library/usbh_cdc.o
 .debug_macro   0x000214dd      0x23a ./Middlewares/USB_Host_Library/usbh_cdc.o
 .debug_macro   0x00021717       0x2e ./Middlewares/USB_Host_Library/usbh_cdc.o
 .debug_macro   0x00021745       0x2e ./Middlewares/USB_Host_Library/usbh_cdc.o
 .debug_macro   0x00021773       0x28 ./Middlewares/USB_Host_Library/usbh_cdc.o
 .debug_macro   0x0002179b      0x15b ./Middlewares/USB_Host_Library/usbh_cdc.o
 .debug_macro   0x000218f6      0x3aa ./Middlewares/USB_Host_Library/usbh_core.o
 .debug_macro   0x00021ca0      0x3a2 ./Middlewares/USB_Host_Library/usbh_ctlreq.o
 .debug_macro   0x00022042       0x28 ./Middlewares/USB_Host_Library/usbh_ctlreq.o
 .debug_macro   0x0002206a      0x39c ./Middlewares/USB_Host_Library/usbh_ioreq.o
 .debug_macro   0x00022406      0x39c ./Middlewares/USB_Host_Library/usbh_pipes.o
 .debug_macro   0x000227a2      0x3ab ./USB_HOST/App/usb_host.o
 .debug_macro   0x00022b4d       0x61 ./USB_HOST/App/usb_host.o
 .debug_macro   0x00022bae      0x18a ./USB_HOST/App/usb_host.o
 .debug_macro   0x00022d38      0x161 ./USB_HOST/App/usb_host.o
 .debug_macro   0x00022e99      0x3ac ./USB_HOST/Target/usbh_conf.o
 .debug_macro   0x00023245      0x21a ./USB_HOST/Target/usbh_platform.o

.debug_line     0x00000000    0x19a29
 .debug_line    0x00000000      0xa6f ./Core/Src/main.o
 .debug_line    0x00000a6f      0x98f ./Core/Src/stm32f4xx_hal_msp.o
 .debug_line    0x000013fe      0x942 ./Core/Src/stm32f4xx_it.o
 .debug_line    0x00001d40      0x579 ./Core/Src/sysmem.o
 .debug_line    0x000022b9      0x8f1 ./Core/Src/system_stm32f4xx.o
 .debug_line    0x00002baa       0x7a ./Core/Startup/startup_stm32f407vgtx.o
 .debug_line    0x00002c24      0xba6 ./Drivers/STM32F4xx_HAL_Driver/stm32f4xx_hal.o
 .debug_line    0x000037ca      0xe76 ./Drivers/STM32F4xx_HAL_Driver/stm32f4xx_hal_cortex.o
 .debug_line    0x00004640      0xcfe ./Drivers/STM32F4xx_HAL_Driver/stm32f4xx_hal_gpio.o
 .debug_line    0x0000533e     0x1737 ./Drivers/STM32F4xx_HAL_Driver/stm32f4xx_hal_hcd.o
 .debug_line    0x00006a75     0x3c53 ./Drivers/STM32F4xx_HAL_Driver/stm32f4xx_hal_i2c.o
 .debug_line    0x0000a6c8     0x14fe ./Drivers/STM32F4xx_HAL_Driver/stm32f4xx_hal_i2s.o
 .debug_line    0x0000bbc6     0x13fe ./Drivers/STM32F4xx_HAL_Driver/stm32f4xx_hal_i2s_ex.o
 .debug_line    0x0000cfc4      0xfb5 ./Drivers/STM32F4xx_HAL_Driver/stm32f4xx_hal_rcc.o
 .debug_line    0x0000df79      0xc15 ./Drivers/STM32F4xx_HAL_Driver/stm32f4xx_hal_rcc_ex.o
 .debug_line    0x0000eb8e     0x1e41 ./Drivers/STM32F4xx_HAL_Driver/stm32f4xx_hal_spi.o
 .debug_line    0x000109cf     0x1eda ./Drivers/STM32F4xx_HAL_Driver/stm32f4xx_ll_usb.o
 .debug_line    0x000128a9     0x10af ./Middlewares/USB_Host_Library/usbh_cdc.o
 .debug_line    0x00013958     0x12fc ./Middlewares/USB_Host_Library/usbh_core.o
 .debug_line    0x00014c54     0x1274 ./Middlewares/USB_Host_Library/usbh_ctlreq.o
 .debug_line    0x00015ec8      0xc49 ./Middlewares/USB_Host_Library/usbh_ioreq.o
 .debug_line    0x00016b11      0xbf6 ./Middlewares/USB_Host_Library/usbh_pipes.o
 .debug_line    0x00017707      0xbe9 ./USB_HOST/App/usb_host.o
 .debug_line    0x000182f0      0xe8b ./USB_HOST/Target/usbh_conf.o
 .debug_line    0x0001917b      0x8ae ./USB_HOST/Target/usbh_platform.o

.debug_str      0x00000000    0xcbdc1
 .debug_str     0x00000000    0xcbdc1 ./Core/Src/main.o
                              0xc17cd (size before relaxing)
 .debug_str     0x000cbdc1    0xc16b8 ./Core/Src/stm32f4xx_hal_msp.o
 .debug_str     0x000cbdc1    0xc1108 ./Core/Src/stm32f4xx_it.o
 .debug_str     0x000cbdc1     0x776c ./Core/Src/sysmem.o
 .debug_str     0x000cbdc1    0xc0727 ./Core/Src/system_stm32f4xx.o
 .debug_str     0x000cbdc1       0x6e ./Core/Startup/startup_stm32f407vgtx.o
 .debug_str     0x000cbdc1    0xc12e4 ./Drivers/STM32F4xx_HAL_Driver/stm32f4xx_hal.o
 .debug_str     0x000cbdc1    0xc1060 ./Drivers/STM32F4xx_HAL_Driver/stm32f4xx_hal_cortex.o
 .debug_str     0x000cbdc1    0xc08db ./Drivers/STM32F4xx_HAL_Driver/stm32f4xx_hal_gpio.o
 .debug_str     0x000cbdc1    0xc1048 ./Drivers/STM32F4xx_HAL_Driver/stm32f4xx_hal_hcd.o
 .debug_str     0x000cbdc1    0xc177e ./Drivers/STM32F4xx_HAL_Driver/stm32f4xx_hal_i2c.o
 .debug_str     0x000cbdc1    0xc0d51 ./Drivers/STM32F4xx_HAL_Driver/stm32f4xx_hal_i2s.o
 .debug_str     0x000cbdc1    0xc0c53 ./Drivers/STM32F4xx_HAL_Driver/stm32f4xx_hal_i2s_ex.o
 .debug_str     0x000cbdc1    0xc0b94 ./Drivers/STM32F4xx_HAL_Driver/stm32f4xx_hal_rcc.o
 .debug_str     0x000cbdc1    0xc08b2 ./Drivers/STM32F4xx_HAL_Driver/stm32f4xx_hal_rcc_ex.o
 .debug_str     0x000cbdc1    0xc101e ./Drivers/STM32F4xx_HAL_Driver/stm32f4xx_hal_spi.o
 .debug_str     0x000cbdc1    0xc1119 ./Drivers/STM32F4xx_HAL_Driver/stm32f4xx_ll_usb.o
 .debug_str     0x000cbdc1    0xc6cb1 ./Middlewares/USB_Host_Library/usbh_cdc.o
 .debug_str     0x000cbdc1    0xc61be ./Middlewares/USB_Host_Library/usbh_core.o
 .debug_str     0x000cbdc1    0xc6166 ./Middlewares/USB_Host_Library/usbh_ctlreq.o
 .debug_str     0x000cbdc1    0xc5f59 ./Middlewares/USB_Host_Library/usbh_ioreq.o
 .debug_str     0x000cbdc1    0xc5eef ./Middlewares/USB_Host_Library/usbh_pipes.o
 .debug_str     0x000cbdc1    0xc65c1 ./USB_HOST/App/usb_host.o
 .debug_str     0x000cbdc1    0xc6e36 ./USB_HOST/Target/usbh_conf.o
 .debug_str     0x000cbdc1    0xc0636 ./USB_HOST/Target/usbh_platform.o

.comment        0x00000000       0x43
 .comment       0x00000000       0x43 ./Core/Src/main.o
                                 0x44 (size before relaxing)
 .comment       0x00000043       0x44 ./Core/Src/stm32f4xx_hal_msp.o
 .comment       0x00000043       0x44 ./Core/Src/stm32f4xx_it.o
 .comment       0x00000043       0x44 ./Core/Src/sysmem.o
 .comment       0x00000043       0x44 ./Core/Src/system_stm32f4xx.o
 .comment       0x00000043       0x44 ./Drivers/STM32F4xx_HAL_Driver/stm32f4xx_hal.o
 .comment       0x00000043       0x44 ./Drivers/STM32F4xx_HAL_Driver/stm32f4xx_hal_cortex.o
 .comment       0x00000043       0x44 ./Drivers/STM32F4xx_HAL_Driver/stm32f4xx_hal_gpio.o
 .comment       0x00000043       0x44 ./Drivers/STM32F4xx_HAL_Driver/stm32f4xx_hal_hcd.o
 .comment       0x00000043       0x44 ./Drivers/STM32F4xx_HAL_Driver/stm32f4xx_hal_i2c.o
 .comment       0x00000043       0x44 ./Drivers/STM32F4xx_HAL_Driver/stm32f4xx_hal_i2s.o
 .comment       0x00000043       0x44 ./Drivers/STM32F4xx_HAL_Driver/stm32f4xx_hal_i2s_ex.o
 .comment       0x00000043       0x44 ./Drivers/STM32F4xx_HAL_Driver/stm32f4xx_hal_rcc.o
 .comment       0x00000043       0x44 ./Drivers/STM32F4xx_HAL_Driver/stm32f4xx_hal_rcc_ex.o
 .comment       0x00000043       0x44 ./Drivers/STM32F4xx_HAL_Driver/stm32f4xx_hal_spi.o
 .comment       0x00000043       0x44 ./Drivers/STM32F4xx_HAL_Driver/stm32f4xx_ll_usb.o
 .comment       0x00000043       0x44 ./Middlewares/USB_Host_Library/usbh_cdc.o
 .comment       0x00000043       0x44 ./Middlewares/USB_Host_Library/usbh_core.o
 .comment       0x00000043       0x44 ./Middlewares/USB_Host_Library/usbh_ctlreq.o
 .comment       0x00000043       0x44 ./Middlewares/USB_Host_Library/usbh_ioreq.o
 .comment       0x00000043       0x44 ./Middlewares/USB_Host_Library/usbh_pipes.o
 .comment       0x00000043       0x44 ./USB_HOST/App/usb_host.o
 .comment       0x00000043       0x44 ./USB_HOST/Target/usbh_conf.o
 .comment       0x00000043       0x44 ./USB_HOST/Target/usbh_platform.o

.debug_frame    0x00000000     0x4ac4
 .debug_frame   0x00000000       0xe0 ./Core/Src/main.o
 .debug_frame   0x000000e0      0x10c ./Core/Src/stm32f4xx_hal_msp.o
 .debug_frame   0x000001ec      0x120 ./Core/Src/stm32f4xx_it.o
 .debug_frame   0x0000030c       0x34 ./Core/Src/sysmem.o
 .debug_frame   0x00000340       0x58 ./Core/Src/system_stm32f4xx.o
 .debug_frame   0x00000398      0x374 ./Drivers/STM32F4xx_HAL_Driver/stm32f4xx_hal.o
 .debug_frame   0x0000070c      0x508 ./Drivers/STM32F4xx_HAL_Driver/stm32f4xx_hal_cortex.o
 .debug_frame   0x00000c14      0x14c ./Drivers/STM32F4xx_HAL_Driver/stm32f4xx_hal_gpio.o
 .debug_frame   0x00000d60      0x498 ./Drivers/STM32F4xx_HAL_Driver/stm32f4xx_hal_hcd.o
 .debug_frame   0x000011f8      0xc84 ./Drivers/STM32F4xx_HAL_Driver/stm32f4xx_hal_i2c.o
 .debug_frame   0x00001e7c      0x484 ./Drivers/STM32F4xx_HAL_Driver/stm32f4xx_hal_i2s.o
 .debug_frame   0x00002300      0x220 ./Drivers/STM32F4xx_HAL_Driver/stm32f4xx_hal_i2s_ex.o
 .debug_frame   0x00002520      0x1f4 ./Drivers/STM32F4xx_HAL_Driver/stm32f4xx_hal_rcc.o
 .debug_frame   0x00002714       0xf0 ./Drivers/STM32F4xx_HAL_Driver/stm32f4xx_hal_rcc_ex.o
 .debug_frame   0x00002804      0x828 ./Drivers/STM32F4xx_HAL_Driver/stm32f4xx_hal_spi.o
 .debug_frame   0x0000302c      0x7c0 ./Drivers/STM32F4xx_HAL_Driver/stm32f4xx_ll_usb.o
 .debug_frame   0x000037ec      0x2c0 ./Middlewares/USB_Host_Library/usbh_cdc.o
 .debug_frame   0x00003aac      0x334 ./Middlewares/USB_Host_Library/usbh_core.o
 .debug_frame   0x00003de0      0x28c ./Middlewares/USB_Host_Library/usbh_ctlreq.o
 .debug_frame   0x0000406c      0x154 ./Middlewares/USB_Host_Library/usbh_ioreq.o
 .debug_frame   0x000041c0       0xcc ./Middlewares/USB_Host_Library/usbh_pipes.o
 .debug_frame   0x0000428c       0x70 ./USB_HOST/App/usb_host.o
 .debug_frame   0x000042fc      0x388 ./USB_HOST/Target/usbh_conf.o
 .debug_frame   0x00004684       0x34 ./USB_HOST/Target/usbh_platform.o
 .debug_frame   0x000046b8       0x30 D:/STM32CubeIDE_1.18.0/STM32CubeIDE/plugins/com.st.stm32cube.ide.mcu.externaltools.gnu-tools-for-stm32.13.3.rel1.win32_1.0.0.202411081344/tools/bin/../lib/gcc/arm-none-eabi/13.3.1/../../../../arm-none-eabi/lib/thumb/v7e-m+fp/hard\libc_nano.a(libc_a-malloc.o)
 .debug_frame   0x000046e8       0x50 D:/STM32CubeIDE_1.18.0/STM32CubeIDE/plugins/com.st.stm32cube.ide.mcu.externaltools.gnu-tools-for-stm32.13.3.rel1.win32_1.0.0.202411081344/tools/bin/../lib/gcc/arm-none-eabi/13.3.1/../../../../arm-none-eabi/lib/thumb/v7e-m+fp/hard\libc_nano.a(libc_a-mallocr.o)
 .debug_frame   0x00004738       0x30 D:/STM32CubeIDE_1.18.0/STM32CubeIDE/plugins/com.st.stm32cube.ide.mcu.externaltools.gnu-tools-for-stm32.13.3.rel1.win32_1.0.0.202411081344/tools/bin/../lib/gcc/arm-none-eabi/13.3.1/../../../../arm-none-eabi/lib/thumb/v7e-m+fp/hard\libc_nano.a(libc_a-mlock.o)
 .debug_frame   0x00004768      0x144 D:/STM32CubeIDE_1.18.0/STM32CubeIDE/plugins/com.st.stm32cube.ide.mcu.externaltools.gnu-tools-for-stm32.13.3.rel1.win32_1.0.0.202411081344/tools/bin/../lib/gcc/arm-none-eabi/13.3.1/../../../../arm-none-eabi/lib/thumb/v7e-m+fp/hard\libc_nano.a(libc_a-findfp.o)
 .debug_frame   0x000048ac       0x20 D:/STM32CubeIDE_1.18.0/STM32CubeIDE/plugins/com.st.stm32cube.ide.mcu.externaltools.gnu-tools-for-stm32.13.3.rel1.win32_1.0.0.202411081344/tools/bin/../lib/gcc/arm-none-eabi/13.3.1/../../../../arm-none-eabi/lib/thumb/v7e-m+fp/hard\libc_nano.a(libc_a-memset.o)
 .debug_frame   0x000048cc       0x38 D:/STM32CubeIDE_1.18.0/STM32CubeIDE/plugins/com.st.stm32cube.ide.mcu.externaltools.gnu-tools-for-stm32.13.3.rel1.win32_1.0.0.202411081344/tools/bin/../lib/gcc/arm-none-eabi/13.3.1/../../../../arm-none-eabi/lib/thumb/v7e-m+fp/hard\libc_nano.a(libc_a-reent.o)
 .debug_frame   0x00004904       0x2c D:/STM32CubeIDE_1.18.0/STM32CubeIDE/plugins/com.st.stm32cube.ide.mcu.externaltools.gnu-tools-for-stm32.13.3.rel1.win32_1.0.0.202411081344/tools/bin/../lib/gcc/arm-none-eabi/13.3.1/../../../../arm-none-eabi/lib/thumb/v7e-m+fp/hard\libc_nano.a(libc_a-sbrkr.o)
 .debug_frame   0x00004930       0x20 D:/STM32CubeIDE_1.18.0/STM32CubeIDE/plugins/com.st.stm32cube.ide.mcu.externaltools.gnu-tools-for-stm32.13.3.rel1.win32_1.0.0.202411081344/tools/bin/../lib/gcc/arm-none-eabi/13.3.1/../../../../arm-none-eabi/lib/thumb/v7e-m+fp/hard\libc_nano.a(libc_a-errno.o)
 .debug_frame   0x00004950       0x2c D:/STM32CubeIDE_1.18.0/STM32CubeIDE/plugins/com.st.stm32cube.ide.mcu.externaltools.gnu-tools-for-stm32.13.3.rel1.win32_1.0.0.202411081344/tools/bin/../lib/gcc/arm-none-eabi/13.3.1/../../../../arm-none-eabi/lib/thumb/v7e-m+fp/hard\libc_nano.a(libc_a-init.o)
 .debug_frame   0x0000497c       0xb0 D:/STM32CubeIDE_1.18.0/STM32CubeIDE/plugins/com.st.stm32cube.ide.mcu.externaltools.gnu-tools-for-stm32.13.3.rel1.win32_1.0.0.202411081344/tools/bin/../lib/gcc/arm-none-eabi/13.3.1/../../../../arm-none-eabi/lib/thumb/v7e-m+fp/hard\libc_nano.a(libc_a-lock.o)
 .debug_frame   0x00004a2c       0x38 D:/STM32CubeIDE_1.18.0/STM32CubeIDE/plugins/com.st.stm32cube.ide.mcu.externaltools.gnu-tools-for-stm32.13.3.rel1.win32_1.0.0.202411081344/tools/bin/../lib/gcc/arm-none-eabi/13.3.1/../../../../arm-none-eabi/lib/thumb/v7e-m+fp/hard\libc_nano.a(libc_a-freer.o)
 .debug_frame   0x00004a64       0x2c D:/STM32CubeIDE_1.18.0/STM32CubeIDE/plugins/com.st.stm32cube.ide.mcu.externaltools.gnu-tools-for-stm32.13.3.rel1.win32_1.0.0.202411081344/tools/bin/../lib/gcc/arm-none-eabi/13.3.1/thumb/v7e-m+fp/hard\libgcc.a(_aeabi_uldivmod.o)
 .debug_frame   0x00004a90       0x34 D:/STM32CubeIDE_1.18.0/STM32CubeIDE/plugins/com.st.stm32cube.ide.mcu.externaltools.gnu-tools-for-stm32.13.3.rel1.win32_1.0.0.202411081344/tools/bin/../lib/gcc/arm-none-eabi/13.3.1/thumb/v7e-m+fp/hard\libgcc.a(_udivmoddi4.o)

.debug_line_str
                0x00000000       0x52
 .debug_line_str
                0x00000000       0x52 ./Core/Startup/startup_stm32f407vgtx.o