../Core/Src/main.c:38:6:printmsg	24	static
../Core/Src/main.c:46:5:main	16	static
../Core/Src/main.c:86:6:vManagerTask	24	static,ignoring_inline_asm
../Core/Src/main.c:116:6:vEmployeeTask	24	static
../Core/Src/main.c:141:6:EmployeeDoWork	16	static
../Core/Src/main.c:148:6:rtos_delay	24	static
../Core/Src/main.c:158:6:SystemClock_Config	88	static
../Core/Src/main.c:205:13:MX_USART2_UART_Init	8	static
../Core/Src/main.c:238:13:MX_GPIO_Init	40	static
../Core/Src/main.c:281:6:StartDefaultTask	16	static
../Core/Src/main.c:296:6:Error_Handler	4	static,ignoring_inline_asm
